Archive member included to satisfy reference by file (symbol)

c:/programdata/gcc for renesas rx 8.3.0.202202-gnurx-elf/rx-elf/rx-elf/bin/../lib/gcc/rx-elf/8.3.0.202202-GNURX/../../../../rx-elf/lib/rxv2\libc.a(lib_a-__call_atexit.o)
                              ./generate/start.o (__call_exitprocs)
c:/programdata/gcc for renesas rx 8.3.0.202202-gnurx-elf/rx-elf/rx-elf/bin/../lib/gcc/rx-elf/8.3.0.202202-GNURX/../../../../rx-elf/lib/rxv2\libc.a(lib_a-impure.o)
                              c:/programdata/gcc for renesas rx 8.3.0.202202-gnurx-elf/rx-elf/rx-elf/bin/../lib/gcc/rx-elf/8.3.0.202202-GNURX/../../../../rx-elf/lib/rxv2\libc.a(lib_a-__call_atexit.o) (_global_impure_ptr)

Memory Configuration

Name             Origin             Length             Attributes
RAM              0x0000000000000000 0x0000000000080000
ROM              0x00000000ffc00000 0x0000000000400000
OFS              0x0000000000120000 0x0000000000000100
*default*        0x0000000000000000 0xffffffffffffffff

Linker script and memory map

LOAD ./src/peripheral/CMT.o
LOAD ./src/peripheral/GPIO.o
LOAD ./src/peripheral/SCI7.o
LOAD ./src/main.o
LOAD ./generate/hwinit.o
LOAD ./generate/inthandler.o
LOAD ./generate/start.o
LOAD ./generate/vects.o
START GROUP
LOAD c:/programdata/gcc for renesas rx 8.3.0.202202-gnurx-elf/rx-elf/rx-elf/bin/../lib/gcc/rx-elf/8.3.0.202202-GNURX/../../../../rx-elf/lib/rxv2\libm.a
LOAD c:/programdata/gcc for renesas rx 8.3.0.202202-gnurx-elf/rx-elf/rx-elf/bin/../lib/gcc/rx-elf/8.3.0.202202-GNURX/../../../../rx-elf/lib/rxv2\libc.a
LOAD c:/programdata/gcc for renesas rx 8.3.0.202202-gnurx-elf/rx-elf/rx-elf/bin/../lib/gcc/rx-elf/8.3.0.202202-GNURX/rxv2\libgcc.a
END GROUP
LOAD c:/programdata/gcc for renesas rx 8.3.0.202202-gnurx-elf/rx-elf/rx-elf/bin/../lib/gcc/rx-elf/8.3.0.202202-GNURX/rxv2\libgcc.a
START GROUP
LOAD c:/programdata/gcc for renesas rx 8.3.0.202202-gnurx-elf/rx-elf/rx-elf/bin/../lib/gcc/rx-elf/8.3.0.202202-GNURX/../../../../rx-elf/lib/rxv2\libc.a
LOAD c:/programdata/gcc for renesas rx 8.3.0.202202-gnurx-elf/rx-elf/rx-elf/bin/../lib/gcc/rx-elf/8.3.0.202202-GNURX/../../../../rx-elf/lib/rxv2\libnosys.a
END GROUP
LOAD c:/programdata/gcc for renesas rx 8.3.0.202202-gnurx-elf/rx-elf/rx-elf/bin/../lib/gcc/rx-elf/8.3.0.202202-GNURX/rxv2\libgcc.a

.exvectors      0x00000000ffffff80       0x7c
 *(.exvectors)
 .exvectors     0x00000000ffffff80       0x7c ./generate/vects.o
                0x00000000ffffff80                ExceptVectors

.fvectors       0x00000000fffffffc        0x4
 *(.fvectors)
 .fvectors      0x00000000fffffffc        0x4 ./generate/vects.o
                0x00000000fffffffc                HardwareVectors

.text           0x00000000ffc00000     0x101d
 *(.text)
 .text          0x00000000ffc00000       0x8a ./generate/start.o
                0x00000000ffc00000                PowerON_Reset
                0x00000000ffc0007d                _rx_fini
 *(.text.*)
 .text.ms_wait  0x00000000ffc0008a       0x50 ./src/peripheral/CMT.o
                0x00000000ffc0008a                ms_wait
 .text.led_stop
                0x00000000ffc000da       0x3c ./src/peripheral/GPIO.o
                0x00000000ffc000da                led_stop
 .text.led_on   0x00000000ffc00116       0x62 ./src/peripheral/GPIO.o
                0x00000000ffc00116                led_on
 .text.led_off  0x00000000ffc00178       0x62 ./src/peripheral/GPIO.o
                0x00000000ffc00178                led_off
 .text.uart_create
                0x00000000ffc001da       0xbb ./src/peripheral/SCI7.o
                0x00000000ffc001da                uart_create
 .text.uart_start
                0x00000000ffc00295       0x67 ./src/peripheral/SCI7.o
                0x00000000ffc00295                uart_start
 .text.uart_stop
                0x00000000ffc002fc       0x9d ./src/peripheral/SCI7.o
                0x00000000ffc002fc                uart_stop
 .text.SCI7_Serial_Send
                0x00000000ffc00399       0x83 ./src/peripheral/SCI7.o
                0x00000000ffc00399                SCI7_Serial_Send
 .text.INT_Excep_SCI7_TXI7
                0x00000000ffc0041c       0x6b ./src/peripheral/SCI7.o
                0x00000000ffc0041c                INT_Excep_SCI7_TXI7
 .text.Excep_TEI7
                0x00000000ffc00487       0x45 ./src/peripheral/SCI7.o
                0x00000000ffc00487                Excep_TEI7
 .text.INT_Excep_ICU_GROUPBL0
                0x00000000ffc004cc       0x1f ./src/peripheral/SCI7.o
                0x00000000ffc004cc                INT_Excep_ICU_GROUPBL0
 .text.INT_Excep_SCI7_RXI7
                0x00000000ffc004eb        0x9 ./src/peripheral/SCI7.o
                0x00000000ffc004eb                INT_Excep_SCI7_RXI7
 .text.main     0x00000000ffc004f4       0x78 ./src/main.o
                0x00000000ffc004f4                main
 .text.HardwareSetup
                0x00000000ffc0056c      0x243 ./generate/hwinit.o
                0x00000000ffc0056c                HardwareSetup
 .text.INT_Excep_SuperVisorInst
                0x00000000ffc007af        0x9 ./generate/inthandler.o
                0x00000000ffc007af                INT_Excep_SuperVisorInst
 .text.INT_Excep_AccessInst
                0x00000000ffc007b8        0x9 ./generate/inthandler.o
                0x00000000ffc007b8                INT_Excep_AccessInst
 .text.INT_Excep_UndefinedInst
                0x00000000ffc007c1        0x9 ./generate/inthandler.o
                0x00000000ffc007c1                INT_Excep_UndefinedInst
 .text.INT_Excep_FloatingPoint
                0x00000000ffc007ca        0x9 ./generate/inthandler.o
                0x00000000ffc007ca                INT_Excep_FloatingPoint
 .text.INT_NonMaskableInterrupt
                0x00000000ffc007d3        0x9 ./generate/inthandler.o
                0x00000000ffc007d3                INT_NonMaskableInterrupt
 .text.Dummy    0x00000000ffc007dc        0x9 ./generate/inthandler.o
                0x00000000ffc007dc                Dummy
 .text.INT_Excep_BRK
                0x00000000ffc007e5        0x9 ./generate/inthandler.o
                0x00000000ffc007e5                INT_Excep_BRK
 .text.INT_Excep_BSC_BUSERR
                0x00000000ffc007ee        0x9 ./generate/inthandler.o
                0x00000000ffc007ee                INT_Excep_BSC_BUSERR
 .text.INT_Excep_RAM_RAMERR
                0x00000000ffc007f7        0x9 ./generate/inthandler.o
                0x00000000ffc007f7                INT_Excep_RAM_RAMERR
 .text.INT_Excep_FCU_FIFERR
                0x00000000ffc00800        0x9 ./generate/inthandler.o
                0x00000000ffc00800                INT_Excep_FCU_FIFERR
 .text.INT_Excep_FCU_FRDYI
                0x00000000ffc00809        0x9 ./generate/inthandler.o
                0x00000000ffc00809                INT_Excep_FCU_FRDYI
 .text.INT_Excep_ICU_SWINT2
                0x00000000ffc00812        0x9 ./generate/inthandler.o
                0x00000000ffc00812                INT_Excep_ICU_SWINT2
 .text.INT_Excep_ICU_SWINT
                0x00000000ffc0081b        0x9 ./generate/inthandler.o
                0x00000000ffc0081b                INT_Excep_ICU_SWINT
 .text.INT_Excep_CMT0_CMI0
                0x00000000ffc00824        0x9 ./generate/inthandler.o
                0x00000000ffc00824                INT_Excep_CMT0_CMI0
 .text.INT_Excep_CMT1_CMI1
                0x00000000ffc0082d        0x9 ./generate/inthandler.o
                0x00000000ffc0082d                INT_Excep_CMT1_CMI1
 .text.INT_Excep_CMTW0_CMWI0
                0x00000000ffc00836        0x9 ./generate/inthandler.o
                0x00000000ffc00836                INT_Excep_CMTW0_CMWI0
 .text.INT_Excep_CMTW1_CMWI1
                0x00000000ffc0083f        0x9 ./generate/inthandler.o
                0x00000000ffc0083f                INT_Excep_CMTW1_CMWI1
 .text.INT_Excep_USBA_D0FIFO2
                0x00000000ffc00848        0x9 ./generate/inthandler.o
                0x00000000ffc00848                INT_Excep_USBA_D0FIFO2
 .text.INT_Excep_USBA_D1FIFO2
                0x00000000ffc00851        0x9 ./generate/inthandler.o
                0x00000000ffc00851                INT_Excep_USBA_D1FIFO2
 .text.INT_Excep_USB0_D0FIFO0
                0x00000000ffc0085a        0x9 ./generate/inthandler.o
                0x00000000ffc0085a                INT_Excep_USB0_D0FIFO0
 .text.INT_Excep_USB0_D1FIFO0
                0x00000000ffc00863        0x9 ./generate/inthandler.o
                0x00000000ffc00863                INT_Excep_USB0_D1FIFO0
 .text.INT_Excep_RSPI0_SPRI0
                0x00000000ffc0086c        0x9 ./generate/inthandler.o
                0x00000000ffc0086c                INT_Excep_RSPI0_SPRI0
 .text.INT_Excep_RSPI0_SPTI0
                0x00000000ffc00875        0x9 ./generate/inthandler.o
                0x00000000ffc00875                INT_Excep_RSPI0_SPTI0
 .text.INT_Excep_QSPI_SPRI
                0x00000000ffc0087e        0x9 ./generate/inthandler.o
                0x00000000ffc0087e                INT_Excep_QSPI_SPRI
 .text.INT_Excep_QSPI_SPTI
                0x00000000ffc00887        0x9 ./generate/inthandler.o
                0x00000000ffc00887                INT_Excep_QSPI_SPTI
 .text.INT_Excep_SDHI_SBFAI
                0x00000000ffc00890        0x9 ./generate/inthandler.o
                0x00000000ffc00890                INT_Excep_SDHI_SBFAI
 .text.INT_Excep_MMCIF_MBFAI
                0x00000000ffc00899        0x9 ./generate/inthandler.o
                0x00000000ffc00899                INT_Excep_MMCIF_MBFAI
 .text.INT_Excep_SSI0_SSITXI0
                0x00000000ffc008a2        0x9 ./generate/inthandler.o
                0x00000000ffc008a2                INT_Excep_SSI0_SSITXI0
 .text.INT_Excep_SSI0_SSIRXI0
                0x00000000ffc008ab        0x9 ./generate/inthandler.o
                0x00000000ffc008ab                INT_Excep_SSI0_SSIRXI0
 .text.INT_Excep_SSI1_SSIRTI1
                0x00000000ffc008b4        0x9 ./generate/inthandler.o
                0x00000000ffc008b4                INT_Excep_SSI1_SSIRTI1
 .text.INT_Excep_SRC_IDEI
                0x00000000ffc008bd        0x9 ./generate/inthandler.o
                0x00000000ffc008bd                INT_Excep_SRC_IDEI
 .text.INT_Excep_SRC_ODFI
                0x00000000ffc008c6        0x9 ./generate/inthandler.o
                0x00000000ffc008c6                INT_Excep_SRC_ODFI
 .text.INT_Excep_RIIC0_RXI0
                0x00000000ffc008cf        0x9 ./generate/inthandler.o
                0x00000000ffc008cf                INT_Excep_RIIC0_RXI0
 .text.INT_Excep_RIIC0_TXI0
                0x00000000ffc008d8        0x9 ./generate/inthandler.o
                0x00000000ffc008d8                INT_Excep_RIIC0_TXI0
 .text.INT_Excep_RIIC2_RXI2
                0x00000000ffc008e1        0x9 ./generate/inthandler.o
                0x00000000ffc008e1                INT_Excep_RIIC2_RXI2
 .text.INT_Excep_RIIC2_TXI2
                0x00000000ffc008ea        0x9 ./generate/inthandler.o
                0x00000000ffc008ea                INT_Excep_RIIC2_TXI2
 .text.INT_Excep_SCI0_RXI0
                0x00000000ffc008f3        0x9 ./generate/inthandler.o
                0x00000000ffc008f3                INT_Excep_SCI0_RXI0
 .text.INT_Excep_SCI0_TXI0
                0x00000000ffc008fc        0x9 ./generate/inthandler.o
                0x00000000ffc008fc                INT_Excep_SCI0_TXI0
 .text.INT_Excep_SCI1_RXI1
                0x00000000ffc00905        0x9 ./generate/inthandler.o
                0x00000000ffc00905                INT_Excep_SCI1_RXI1
 .text.INT_Excep_SCI1_TXI1
                0x00000000ffc0090e        0x9 ./generate/inthandler.o
                0x00000000ffc0090e                INT_Excep_SCI1_TXI1
 .text.INT_Excep_SCI2_RXI2
                0x00000000ffc00917        0x9 ./generate/inthandler.o
                0x00000000ffc00917                INT_Excep_SCI2_RXI2
 .text.INT_Excep_SCI2_TXI2
                0x00000000ffc00920        0x9 ./generate/inthandler.o
                0x00000000ffc00920                INT_Excep_SCI2_TXI2
 .text.INT_Excep_ICU_IRQ0
                0x00000000ffc00929        0x9 ./generate/inthandler.o
                0x00000000ffc00929                INT_Excep_ICU_IRQ0
 .text.INT_Excep_ICU_IRQ1
                0x00000000ffc00932        0x9 ./generate/inthandler.o
                0x00000000ffc00932                INT_Excep_ICU_IRQ1
 .text.INT_Excep_ICU_IRQ2
                0x00000000ffc0093b        0x9 ./generate/inthandler.o
                0x00000000ffc0093b                INT_Excep_ICU_IRQ2
 .text.INT_Excep_ICU_IRQ3
                0x00000000ffc00944        0x9 ./generate/inthandler.o
                0x00000000ffc00944                INT_Excep_ICU_IRQ3
 .text.INT_Excep_ICU_IRQ4
                0x00000000ffc0094d        0x9 ./generate/inthandler.o
                0x00000000ffc0094d                INT_Excep_ICU_IRQ4
 .text.INT_Excep_ICU_IRQ5
                0x00000000ffc00956        0x9 ./generate/inthandler.o
                0x00000000ffc00956                INT_Excep_ICU_IRQ5
 .text.INT_Excep_ICU_IRQ6
                0x00000000ffc0095f        0x9 ./generate/inthandler.o
                0x00000000ffc0095f                INT_Excep_ICU_IRQ6
 .text.INT_Excep_ICU_IRQ7
                0x00000000ffc00968        0x9 ./generate/inthandler.o
                0x00000000ffc00968                INT_Excep_ICU_IRQ7
 .text.INT_Excep_ICU_IRQ8
                0x00000000ffc00971        0x9 ./generate/inthandler.o
                0x00000000ffc00971                INT_Excep_ICU_IRQ8
 .text.INT_Excep_ICU_IRQ9
                0x00000000ffc0097a        0x9 ./generate/inthandler.o
                0x00000000ffc0097a                INT_Excep_ICU_IRQ9
 .text.INT_Excep_ICU_IRQ10
                0x00000000ffc00983        0x9 ./generate/inthandler.o
                0x00000000ffc00983                INT_Excep_ICU_IRQ10
 .text.INT_Excep_ICU_IRQ11
                0x00000000ffc0098c        0x9 ./generate/inthandler.o
                0x00000000ffc0098c                INT_Excep_ICU_IRQ11
 .text.INT_Excep_ICU_IRQ12
                0x00000000ffc00995        0x9 ./generate/inthandler.o
                0x00000000ffc00995                INT_Excep_ICU_IRQ12
 .text.INT_Excep_ICU_IRQ13
                0x00000000ffc0099e        0x9 ./generate/inthandler.o
                0x00000000ffc0099e                INT_Excep_ICU_IRQ13
 .text.INT_Excep_ICU_IRQ14
                0x00000000ffc009a7        0x9 ./generate/inthandler.o
                0x00000000ffc009a7                INT_Excep_ICU_IRQ14
 .text.INT_Excep_ICU_IRQ15
                0x00000000ffc009b0        0x9 ./generate/inthandler.o
                0x00000000ffc009b0                INT_Excep_ICU_IRQ15
 .text.INT_Excep_SCI3_RXI3
                0x00000000ffc009b9        0x9 ./generate/inthandler.o
                0x00000000ffc009b9                INT_Excep_SCI3_RXI3
 .text.INT_Excep_SCI3_TXI3
                0x00000000ffc009c2        0x9 ./generate/inthandler.o
                0x00000000ffc009c2                INT_Excep_SCI3_TXI3
 .text.INT_Excep_SCI4_RXI4
                0x00000000ffc009cb        0x9 ./generate/inthandler.o
                0x00000000ffc009cb                INT_Excep_SCI4_RXI4
 .text.INT_Excep_SCI4_TXI4
                0x00000000ffc009d4        0x9 ./generate/inthandler.o
                0x00000000ffc009d4                INT_Excep_SCI4_TXI4
 .text.INT_Excep_SCI5_RXI5
                0x00000000ffc009dd        0x9 ./generate/inthandler.o
                0x00000000ffc009dd                INT_Excep_SCI5_RXI5
 .text.INT_Excep_SCI5_TXI5
                0x00000000ffc009e6        0x9 ./generate/inthandler.o
                0x00000000ffc009e6                INT_Excep_SCI5_TXI5
 .text.INT_Excep_SCI6_RXI6
                0x00000000ffc009ef        0x9 ./generate/inthandler.o
                0x00000000ffc009ef                INT_Excep_SCI6_RXI6
 .text.INT_Excep_SCI6_TXI6
                0x00000000ffc009f8        0x9 ./generate/inthandler.o
                0x00000000ffc009f8                INT_Excep_SCI6_TXI6
 .text.INT_Excep_LVD1_LVD1
                0x00000000ffc00a01        0x9 ./generate/inthandler.o
                0x00000000ffc00a01                INT_Excep_LVD1_LVD1
 .text.INT_Excep_LVD2_LVD2
                0x00000000ffc00a0a        0x9 ./generate/inthandler.o
                0x00000000ffc00a0a                INT_Excep_LVD2_LVD2
 .text.INT_Excep_USB0_USBR0
                0x00000000ffc00a13        0x9 ./generate/inthandler.o
                0x00000000ffc00a13                INT_Excep_USB0_USBR0
 .text.INT_Excep_RTC_ALM
                0x00000000ffc00a1c        0x9 ./generate/inthandler.o
                0x00000000ffc00a1c                INT_Excep_RTC_ALM
 .text.INT_Excep_RTC_PRD
                0x00000000ffc00a25        0x9 ./generate/inthandler.o
                0x00000000ffc00a25                INT_Excep_RTC_PRD
 .text.INT_Excep_USBA_USBAR
                0x00000000ffc00a2e        0x9 ./generate/inthandler.o
                0x00000000ffc00a2e                INT_Excep_USBA_USBAR
 .text.INT_Excep_IWDT_IWUNI
                0x00000000ffc00a37        0x9 ./generate/inthandler.o
                0x00000000ffc00a37                INT_Excep_IWDT_IWUNI
 .text.INT_Excep_WDT_WUNI
                0x00000000ffc00a40        0x9 ./generate/inthandler.o
                0x00000000ffc00a40                INT_Excep_WDT_WUNI
 .text.INT_Excep_PDC_PCDFI
                0x00000000ffc00a49        0x9 ./generate/inthandler.o
                0x00000000ffc00a49                INT_Excep_PDC_PCDFI
 .text.INT_Excep_SCIFA8_RXIF8
                0x00000000ffc00a52        0x9 ./generate/inthandler.o
                0x00000000ffc00a52                INT_Excep_SCIFA8_RXIF8
 .text.INT_Excep_SCIFA8_TXIF8
                0x00000000ffc00a5b        0x9 ./generate/inthandler.o
                0x00000000ffc00a5b                INT_Excep_SCIFA8_TXIF8
 .text.INT_Excep_SCIFA9_RXIF9
                0x00000000ffc00a64        0x9 ./generate/inthandler.o
                0x00000000ffc00a64                INT_Excep_SCIFA9_RXIF9
 .text.INT_Excep_SCIFA9_TXIF9
                0x00000000ffc00a6d        0x9 ./generate/inthandler.o
                0x00000000ffc00a6d                INT_Excep_SCIFA9_TXIF9
 .text.INT_Excep_SCIFA10_RXIF10
                0x00000000ffc00a76        0x9 ./generate/inthandler.o
                0x00000000ffc00a76                INT_Excep_SCIFA10_RXIF10
 .text.INT_Excep_SCIFA10_TXIF10
                0x00000000ffc00a7f        0x9 ./generate/inthandler.o
                0x00000000ffc00a7f                INT_Excep_SCIFA10_TXIF10
 .text.INT_Excep_ICU_GROUPBE0
                0x00000000ffc00a88        0x9 ./generate/inthandler.o
                0x00000000ffc00a88                INT_Excep_ICU_GROUPBE0
 .text.INT_Excep_ICU_GROUPBL1
                0x00000000ffc00a91        0x9 ./generate/inthandler.o
                0x00000000ffc00a91                INT_Excep_ICU_GROUPBL1
 .text.INT_Excep_ICU_GROUPAL0
                0x00000000ffc00a9a        0x9 ./generate/inthandler.o
                0x00000000ffc00a9a                INT_Excep_ICU_GROUPAL0
 .text.INT_Excep_ICU_GROUPAL1
                0x00000000ffc00aa3        0x9 ./generate/inthandler.o
                0x00000000ffc00aa3                INT_Excep_ICU_GROUPAL1
 .text.INT_Excep_SCIFA11_RXIF11
                0x00000000ffc00aac        0x9 ./generate/inthandler.o
                0x00000000ffc00aac                INT_Excep_SCIFA11_RXIF11
 .text.INT_Excep_SCIFA11_TXIF11
                0x00000000ffc00ab5        0x9 ./generate/inthandler.o
                0x00000000ffc00ab5                INT_Excep_SCIFA11_TXIF11
 .text.INT_Excep_SCI12_RXI12
                0x00000000ffc00abe        0x9 ./generate/inthandler.o
                0x00000000ffc00abe                INT_Excep_SCI12_RXI12
 .text.INT_Excep_SCI12_TXI12
                0x00000000ffc00ac7        0x9 ./generate/inthandler.o
                0x00000000ffc00ac7                INT_Excep_SCI12_TXI12
 .text.INT_Excep_DMAC_DMAC0I
                0x00000000ffc00ad0        0x9 ./generate/inthandler.o
                0x00000000ffc00ad0                INT_Excep_DMAC_DMAC0I
 .text.INT_Excep_DMAC_DMAC1I
                0x00000000ffc00ad9        0x9 ./generate/inthandler.o
                0x00000000ffc00ad9                INT_Excep_DMAC_DMAC1I
 .text.INT_Excep_DMAC_DMAC2I
                0x00000000ffc00ae2        0x9 ./generate/inthandler.o
                0x00000000ffc00ae2                INT_Excep_DMAC_DMAC2I
 .text.INT_Excep_DMAC_DMAC3I
                0x00000000ffc00aeb        0x9 ./generate/inthandler.o
                0x00000000ffc00aeb                INT_Excep_DMAC_DMAC3I
 .text.INT_Excep_DMAC_DMAC74I
                0x00000000ffc00af4        0x9 ./generate/inthandler.o
                0x00000000ffc00af4                INT_Excep_DMAC_DMAC74I
 .text.INT_Excep_OST_OST
                0x00000000ffc00afd        0x9 ./generate/inthandler.o
                0x00000000ffc00afd                INT_Excep_OST_OST
 .text.INT_Excep_EXDMAC_EXDMAC0I
                0x00000000ffc00b06        0x9 ./generate/inthandler.o
                0x00000000ffc00b06                INT_Excep_EXDMAC_EXDMAC0I
 .text.INT_Excep_EXDMAC_EXDMAC1I
                0x00000000ffc00b0f        0x9 ./generate/inthandler.o
                0x00000000ffc00b0f                INT_Excep_EXDMAC_EXDMAC1I
 .text.INT_Excep_PERIB_INTB128
                0x00000000ffc00b18        0x9 ./generate/inthandler.o
                0x00000000ffc00b18                INT_Excep_PERIB_INTB128
 .text.INT_Excep_PERIB_INTB129
                0x00000000ffc00b21        0x9 ./generate/inthandler.o
                0x00000000ffc00b21                INT_Excep_PERIB_INTB129
 .text.INT_Excep_PERIB_INTB130
                0x00000000ffc00b2a        0x9 ./generate/inthandler.o
                0x00000000ffc00b2a                INT_Excep_PERIB_INTB130
 .text.INT_Excep_PERIB_INTB131
                0x00000000ffc00b33        0x9 ./generate/inthandler.o
                0x00000000ffc00b33                INT_Excep_PERIB_INTB131
 .text.INT_Excep_PERIB_INTB132
                0x00000000ffc00b3c        0x9 ./generate/inthandler.o
                0x00000000ffc00b3c                INT_Excep_PERIB_INTB132
 .text.INT_Excep_PERIB_INTB133
                0x00000000ffc00b45        0x9 ./generate/inthandler.o
                0x00000000ffc00b45                INT_Excep_PERIB_INTB133
 .text.INT_Excep_PERIB_INTB134
                0x00000000ffc00b4e        0x9 ./generate/inthandler.o
                0x00000000ffc00b4e                INT_Excep_PERIB_INTB134
 .text.INT_Excep_PERIB_INTB135
                0x00000000ffc00b57        0x9 ./generate/inthandler.o
                0x00000000ffc00b57                INT_Excep_PERIB_INTB135
 .text.INT_Excep_PERIB_INTB136
                0x00000000ffc00b60        0x9 ./generate/inthandler.o
                0x00000000ffc00b60                INT_Excep_PERIB_INTB136
 .text.INT_Excep_PERIB_INTB137
                0x00000000ffc00b69        0x9 ./generate/inthandler.o
                0x00000000ffc00b69                INT_Excep_PERIB_INTB137
 .text.INT_Excep_PERIB_INTB138
                0x00000000ffc00b72        0x9 ./generate/inthandler.o
                0x00000000ffc00b72                INT_Excep_PERIB_INTB138
 .text.INT_Excep_PERIB_INTB139
                0x00000000ffc00b7b        0x9 ./generate/inthandler.o
                0x00000000ffc00b7b                INT_Excep_PERIB_INTB139
 .text.INT_Excep_PERIB_INTB140
                0x00000000ffc00b84        0x9 ./generate/inthandler.o
                0x00000000ffc00b84                INT_Excep_PERIB_INTB140
 .text.INT_Excep_PERIB_INTB141
                0x00000000ffc00b8d        0x9 ./generate/inthandler.o
                0x00000000ffc00b8d                INT_Excep_PERIB_INTB141
 .text.INT_Excep_PERIB_INTB142
                0x00000000ffc00b96        0x9 ./generate/inthandler.o
                0x00000000ffc00b96                INT_Excep_PERIB_INTB142
 .text.INT_Excep_PERIB_INTB143
                0x00000000ffc00b9f        0x9 ./generate/inthandler.o
                0x00000000ffc00b9f                INT_Excep_PERIB_INTB143
 .text.INT_Excep_PERIB_INTB144
                0x00000000ffc00ba8        0x9 ./generate/inthandler.o
                0x00000000ffc00ba8                INT_Excep_PERIB_INTB144
 .text.INT_Excep_PERIB_INTB145
                0x00000000ffc00bb1        0x9 ./generate/inthandler.o
                0x00000000ffc00bb1                INT_Excep_PERIB_INTB145
 .text.INT_Excep_PERIB_INTB146
                0x00000000ffc00bba        0x9 ./generate/inthandler.o
                0x00000000ffc00bba                INT_Excep_PERIB_INTB146
 .text.INT_Excep_PERIB_INTB147
                0x00000000ffc00bc3        0x9 ./generate/inthandler.o
                0x00000000ffc00bc3                INT_Excep_PERIB_INTB147
 .text.INT_Excep_PERIB_INTB148
                0x00000000ffc00bcc        0x9 ./generate/inthandler.o
                0x00000000ffc00bcc                INT_Excep_PERIB_INTB148
 .text.INT_Excep_PERIB_INTB149
                0x00000000ffc00bd5        0x9 ./generate/inthandler.o
                0x00000000ffc00bd5                INT_Excep_PERIB_INTB149
 .text.INT_Excep_PERIB_INTB150
                0x00000000ffc00bde        0x9 ./generate/inthandler.o
                0x00000000ffc00bde                INT_Excep_PERIB_INTB150
 .text.INT_Excep_PERIB_INTB151
                0x00000000ffc00be7        0x9 ./generate/inthandler.o
                0x00000000ffc00be7                INT_Excep_PERIB_INTB151
 .text.INT_Excep_PERIB_INTB152
                0x00000000ffc00bf0        0x9 ./generate/inthandler.o
                0x00000000ffc00bf0                INT_Excep_PERIB_INTB152
 .text.INT_Excep_PERIB_INTB153
                0x00000000ffc00bf9        0x9 ./generate/inthandler.o
                0x00000000ffc00bf9                INT_Excep_PERIB_INTB153
 .text.INT_Excep_PERIB_INTB154
                0x00000000ffc00c02        0x9 ./generate/inthandler.o
                0x00000000ffc00c02                INT_Excep_PERIB_INTB154
 .text.INT_Excep_PERIB_INTB155
                0x00000000ffc00c0b        0x9 ./generate/inthandler.o
                0x00000000ffc00c0b                INT_Excep_PERIB_INTB155
 .text.INT_Excep_PERIB_INTB156
                0x00000000ffc00c14        0x9 ./generate/inthandler.o
                0x00000000ffc00c14                INT_Excep_PERIB_INTB156
 .text.INT_Excep_PERIB_INTB157
                0x00000000ffc00c1d        0x9 ./generate/inthandler.o
                0x00000000ffc00c1d                INT_Excep_PERIB_INTB157
 .text.INT_Excep_PERIB_INTB158
                0x00000000ffc00c26        0x9 ./generate/inthandler.o
                0x00000000ffc00c26                INT_Excep_PERIB_INTB158
 .text.INT_Excep_PERIB_INTB159
                0x00000000ffc00c2f        0x9 ./generate/inthandler.o
                0x00000000ffc00c2f                INT_Excep_PERIB_INTB159
 .text.INT_Excep_PERIB_INTB160
                0x00000000ffc00c38        0x9 ./generate/inthandler.o
                0x00000000ffc00c38                INT_Excep_PERIB_INTB160
 .text.INT_Excep_PERIB_INTB161
                0x00000000ffc00c41        0x9 ./generate/inthandler.o
                0x00000000ffc00c41                INT_Excep_PERIB_INTB161
 .text.INT_Excep_PERIB_INTB162
                0x00000000ffc00c4a        0x9 ./generate/inthandler.o
                0x00000000ffc00c4a                INT_Excep_PERIB_INTB162
 .text.INT_Excep_PERIB_INTB163
                0x00000000ffc00c53        0x9 ./generate/inthandler.o
                0x00000000ffc00c53                INT_Excep_PERIB_INTB163
 .text.INT_Excep_PERIB_INTB164
                0x00000000ffc00c5c        0x9 ./generate/inthandler.o
                0x00000000ffc00c5c                INT_Excep_PERIB_INTB164
 .text.INT_Excep_PERIB_INTB165
                0x00000000ffc00c65        0x9 ./generate/inthandler.o
                0x00000000ffc00c65                INT_Excep_PERIB_INTB165
 .text.INT_Excep_PERIB_INTB166
                0x00000000ffc00c6e        0x9 ./generate/inthandler.o
                0x00000000ffc00c6e                INT_Excep_PERIB_INTB166
 .text.INT_Excep_PERIB_INTB167
                0x00000000ffc00c77        0x9 ./generate/inthandler.o
                0x00000000ffc00c77                INT_Excep_PERIB_INTB167
 .text.INT_Excep_PERIB_INTB168
                0x00000000ffc00c80        0x9 ./generate/inthandler.o
                0x00000000ffc00c80                INT_Excep_PERIB_INTB168
 .text.INT_Excep_PERIB_INTB169
                0x00000000ffc00c89        0x9 ./generate/inthandler.o
                0x00000000ffc00c89                INT_Excep_PERIB_INTB169
 .text.INT_Excep_PERIB_INTB170
                0x00000000ffc00c92        0x9 ./generate/inthandler.o
                0x00000000ffc00c92                INT_Excep_PERIB_INTB170
 .text.INT_Excep_PERIB_INTB171
                0x00000000ffc00c9b        0x9 ./generate/inthandler.o
                0x00000000ffc00c9b                INT_Excep_PERIB_INTB171
 .text.INT_Excep_PERIB_INTB172
                0x00000000ffc00ca4        0x9 ./generate/inthandler.o
                0x00000000ffc00ca4                INT_Excep_PERIB_INTB172
 .text.INT_Excep_PERIB_INTB173
                0x00000000ffc00cad        0x9 ./generate/inthandler.o
                0x00000000ffc00cad                INT_Excep_PERIB_INTB173
 .text.INT_Excep_PERIB_INTB174
                0x00000000ffc00cb6        0x9 ./generate/inthandler.o
                0x00000000ffc00cb6                INT_Excep_PERIB_INTB174
 .text.INT_Excep_PERIB_INTB175
                0x00000000ffc00cbf        0x9 ./generate/inthandler.o
                0x00000000ffc00cbf                INT_Excep_PERIB_INTB175
 .text.INT_Excep_PERIB_INTB176
                0x00000000ffc00cc8        0x9 ./generate/inthandler.o
                0x00000000ffc00cc8                INT_Excep_PERIB_INTB176
 .text.INT_Excep_PERIB_INTB177
                0x00000000ffc00cd1        0x9 ./generate/inthandler.o
                0x00000000ffc00cd1                INT_Excep_PERIB_INTB177
 .text.INT_Excep_PERIB_INTB178
                0x00000000ffc00cda        0x9 ./generate/inthandler.o
                0x00000000ffc00cda                INT_Excep_PERIB_INTB178
 .text.INT_Excep_PERIB_INTB179
                0x00000000ffc00ce3        0x9 ./generate/inthandler.o
                0x00000000ffc00ce3                INT_Excep_PERIB_INTB179
 .text.INT_Excep_PERIB_INTB180
                0x00000000ffc00cec        0x9 ./generate/inthandler.o
                0x00000000ffc00cec                INT_Excep_PERIB_INTB180
 .text.INT_Excep_PERIB_INTB181
                0x00000000ffc00cf5        0x9 ./generate/inthandler.o
                0x00000000ffc00cf5                INT_Excep_PERIB_INTB181
 .text.INT_Excep_PERIB_INTB182
                0x00000000ffc00cfe        0x9 ./generate/inthandler.o
                0x00000000ffc00cfe                INT_Excep_PERIB_INTB182
 .text.INT_Excep_PERIB_INTB183
                0x00000000ffc00d07        0x9 ./generate/inthandler.o
                0x00000000ffc00d07                INT_Excep_PERIB_INTB183
 .text.INT_Excep_PERIB_INTB184
                0x00000000ffc00d10        0x9 ./generate/inthandler.o
                0x00000000ffc00d10                INT_Excep_PERIB_INTB184
 .text.INT_Excep_PERIB_INTB185
                0x00000000ffc00d19        0x9 ./generate/inthandler.o
                0x00000000ffc00d19                INT_Excep_PERIB_INTB185
 .text.INT_Excep_PERIB_INTB186
                0x00000000ffc00d22        0x9 ./generate/inthandler.o
                0x00000000ffc00d22                INT_Excep_PERIB_INTB186
 .text.INT_Excep_PERIB_INTB187
                0x00000000ffc00d2b        0x9 ./generate/inthandler.o
                0x00000000ffc00d2b                INT_Excep_PERIB_INTB187
 .text.INT_Excep_PERIB_INTB188
                0x00000000ffc00d34        0x9 ./generate/inthandler.o
                0x00000000ffc00d34                INT_Excep_PERIB_INTB188
 .text.INT_Excep_PERIB_INTB189
                0x00000000ffc00d3d        0x9 ./generate/inthandler.o
                0x00000000ffc00d3d                INT_Excep_PERIB_INTB189
 .text.INT_Excep_PERIB_INTB190
                0x00000000ffc00d46        0x9 ./generate/inthandler.o
                0x00000000ffc00d46                INT_Excep_PERIB_INTB190
 .text.INT_Excep_PERIB_INTB191
                0x00000000ffc00d4f        0x9 ./generate/inthandler.o
                0x00000000ffc00d4f                INT_Excep_PERIB_INTB191
 .text.INT_Excep_PERIB_INTB192
                0x00000000ffc00d58        0x9 ./generate/inthandler.o
                0x00000000ffc00d58                INT_Excep_PERIB_INTB192
 .text.INT_Excep_PERIB_INTB193
                0x00000000ffc00d61        0x9 ./generate/inthandler.o
                0x00000000ffc00d61                INT_Excep_PERIB_INTB193
 .text.INT_Excep_PERIB_INTB194
                0x00000000ffc00d6a        0x9 ./generate/inthandler.o
                0x00000000ffc00d6a                INT_Excep_PERIB_INTB194
 .text.INT_Excep_PERIB_INTB195
                0x00000000ffc00d73        0x9 ./generate/inthandler.o
                0x00000000ffc00d73                INT_Excep_PERIB_INTB195
 .text.INT_Excep_PERIB_INTB196
                0x00000000ffc00d7c        0x9 ./generate/inthandler.o
                0x00000000ffc00d7c                INT_Excep_PERIB_INTB196
 .text.INT_Excep_PERIB_INTB197
                0x00000000ffc00d85        0x9 ./generate/inthandler.o
                0x00000000ffc00d85                INT_Excep_PERIB_INTB197
 .text.INT_Excep_PERIB_INTB198
                0x00000000ffc00d8e        0x9 ./generate/inthandler.o
                0x00000000ffc00d8e                INT_Excep_PERIB_INTB198
 .text.INT_Excep_PERIB_INTB199
                0x00000000ffc00d97        0x9 ./generate/inthandler.o
                0x00000000ffc00d97                INT_Excep_PERIB_INTB199
 .text.INT_Excep_PERIB_INTB200
                0x00000000ffc00da0        0x9 ./generate/inthandler.o
                0x00000000ffc00da0                INT_Excep_PERIB_INTB200
 .text.INT_Excep_PERIB_INTB201
                0x00000000ffc00da9        0x9 ./generate/inthandler.o
                0x00000000ffc00da9                INT_Excep_PERIB_INTB201
 .text.INT_Excep_PERIB_INTB202
                0x00000000ffc00db2        0x9 ./generate/inthandler.o
                0x00000000ffc00db2                INT_Excep_PERIB_INTB202
 .text.INT_Excep_PERIB_INTB203
                0x00000000ffc00dbb        0x9 ./generate/inthandler.o
                0x00000000ffc00dbb                INT_Excep_PERIB_INTB203
 .text.INT_Excep_PERIB_INTB204
                0x00000000ffc00dc4        0x9 ./generate/inthandler.o
                0x00000000ffc00dc4                INT_Excep_PERIB_INTB204
 .text.INT_Excep_PERIB_INTB205
                0x00000000ffc00dcd        0x9 ./generate/inthandler.o
                0x00000000ffc00dcd                INT_Excep_PERIB_INTB205
 .text.INT_Excep_PERIB_INTB206
                0x00000000ffc00dd6        0x9 ./generate/inthandler.o
                0x00000000ffc00dd6                INT_Excep_PERIB_INTB206
 .text.INT_Excep_PERIB_INTB207
                0x00000000ffc00ddf        0x9 ./generate/inthandler.o
                0x00000000ffc00ddf                INT_Excep_PERIB_INTB207
 .text.INT_Excep_PERIA_INTA208
                0x00000000ffc00de8        0x9 ./generate/inthandler.o
                0x00000000ffc00de8                INT_Excep_PERIA_INTA208
 .text.INT_Excep_PERIA_INTA209
                0x00000000ffc00df1        0x9 ./generate/inthandler.o
                0x00000000ffc00df1                INT_Excep_PERIA_INTA209
 .text.INT_Excep_PERIA_INTA210
                0x00000000ffc00dfa        0x9 ./generate/inthandler.o
                0x00000000ffc00dfa                INT_Excep_PERIA_INTA210
 .text.INT_Excep_PERIA_INTA211
                0x00000000ffc00e03        0x9 ./generate/inthandler.o
                0x00000000ffc00e03                INT_Excep_PERIA_INTA211
 .text.INT_Excep_PERIA_INTA212
                0x00000000ffc00e0c        0x9 ./generate/inthandler.o
                0x00000000ffc00e0c                INT_Excep_PERIA_INTA212
 .text.INT_Excep_PERIA_INTA213
                0x00000000ffc00e15        0x9 ./generate/inthandler.o
                0x00000000ffc00e15                INT_Excep_PERIA_INTA213
 .text.INT_Excep_PERIA_INTA214
                0x00000000ffc00e1e        0x9 ./generate/inthandler.o
                0x00000000ffc00e1e                INT_Excep_PERIA_INTA214
 .text.INT_Excep_PERIA_INTA215
                0x00000000ffc00e27        0x9 ./generate/inthandler.o
                0x00000000ffc00e27                INT_Excep_PERIA_INTA215
 .text.INT_Excep_PERIA_INTA216
                0x00000000ffc00e30        0x9 ./generate/inthandler.o
                0x00000000ffc00e30                INT_Excep_PERIA_INTA216
 .text.INT_Excep_PERIA_INTA217
                0x00000000ffc00e39        0x9 ./generate/inthandler.o
                0x00000000ffc00e39                INT_Excep_PERIA_INTA217
 .text.INT_Excep_PERIA_INTA218
                0x00000000ffc00e42        0x9 ./generate/inthandler.o
                0x00000000ffc00e42                INT_Excep_PERIA_INTA218
 .text.INT_Excep_PERIA_INTA219
                0x00000000ffc00e4b        0x9 ./generate/inthandler.o
                0x00000000ffc00e4b                INT_Excep_PERIA_INTA219
 .text.INT_Excep_PERIA_INTA220
                0x00000000ffc00e54        0x9 ./generate/inthandler.o
                0x00000000ffc00e54                INT_Excep_PERIA_INTA220
 .text.INT_Excep_PERIA_INTA221
                0x00000000ffc00e5d        0x9 ./generate/inthandler.o
                0x00000000ffc00e5d                INT_Excep_PERIA_INTA221
 .text.INT_Excep_PERIA_INTA222
                0x00000000ffc00e66        0x9 ./generate/inthandler.o
                0x00000000ffc00e66                INT_Excep_PERIA_INTA222
 .text.INT_Excep_PERIA_INTA223
                0x00000000ffc00e6f        0x9 ./generate/inthandler.o
                0x00000000ffc00e6f                INT_Excep_PERIA_INTA223
 .text.INT_Excep_PERIA_INTA224
                0x00000000ffc00e78        0x9 ./generate/inthandler.o
                0x00000000ffc00e78                INT_Excep_PERIA_INTA224
 .text.INT_Excep_PERIA_INTA225
                0x00000000ffc00e81        0x9 ./generate/inthandler.o
                0x00000000ffc00e81                INT_Excep_PERIA_INTA225
 .text.INT_Excep_PERIA_INTA226
                0x00000000ffc00e8a        0x9 ./generate/inthandler.o
                0x00000000ffc00e8a                INT_Excep_PERIA_INTA226
 .text.INT_Excep_PERIA_INTA227
                0x00000000ffc00e93        0x9 ./generate/inthandler.o
                0x00000000ffc00e93                INT_Excep_PERIA_INTA227
 .text.INT_Excep_PERIA_INTA228
                0x00000000ffc00e9c        0x9 ./generate/inthandler.o
                0x00000000ffc00e9c                INT_Excep_PERIA_INTA228
 .text.INT_Excep_PERIA_INTA229
                0x00000000ffc00ea5        0x9 ./generate/inthandler.o
                0x00000000ffc00ea5                INT_Excep_PERIA_INTA229
 .text.INT_Excep_PERIA_INTA230
                0x00000000ffc00eae        0x9 ./generate/inthandler.o
                0x00000000ffc00eae                INT_Excep_PERIA_INTA230
 .text.INT_Excep_PERIA_INTA231
                0x00000000ffc00eb7        0x9 ./generate/inthandler.o
                0x00000000ffc00eb7                INT_Excep_PERIA_INTA231
 .text.INT_Excep_PERIA_INTA232
                0x00000000ffc00ec0        0x9 ./generate/inthandler.o
                0x00000000ffc00ec0                INT_Excep_PERIA_INTA232
 .text.INT_Excep_PERIA_INTA233
                0x00000000ffc00ec9        0x9 ./generate/inthandler.o
                0x00000000ffc00ec9                INT_Excep_PERIA_INTA233
 .text.INT_Excep_PERIA_INTA234
                0x00000000ffc00ed2        0x9 ./generate/inthandler.o
                0x00000000ffc00ed2                INT_Excep_PERIA_INTA234
 .text.INT_Excep_PERIA_INTA235
                0x00000000ffc00edb        0x9 ./generate/inthandler.o
                0x00000000ffc00edb                INT_Excep_PERIA_INTA235
 .text.INT_Excep_PERIA_INTA236
                0x00000000ffc00ee4        0x9 ./generate/inthandler.o
                0x00000000ffc00ee4                INT_Excep_PERIA_INTA236
 .text.INT_Excep_PERIA_INTA237
                0x00000000ffc00eed        0x9 ./generate/inthandler.o
                0x00000000ffc00eed                INT_Excep_PERIA_INTA237
 .text.INT_Excep_PERIA_INTA238
                0x00000000ffc00ef6        0x9 ./generate/inthandler.o
                0x00000000ffc00ef6                INT_Excep_PERIA_INTA238
 .text.INT_Excep_PERIA_INTA239
                0x00000000ffc00eff        0x9 ./generate/inthandler.o
                0x00000000ffc00eff                INT_Excep_PERIA_INTA239
 .text.INT_Excep_PERIA_INTA240
                0x00000000ffc00f08        0x9 ./generate/inthandler.o
                0x00000000ffc00f08                INT_Excep_PERIA_INTA240
 .text.INT_Excep_PERIA_INTA241
                0x00000000ffc00f11        0x9 ./generate/inthandler.o
                0x00000000ffc00f11                INT_Excep_PERIA_INTA241
 .text.INT_Excep_PERIA_INTA242
                0x00000000ffc00f1a        0x9 ./generate/inthandler.o
                0x00000000ffc00f1a                INT_Excep_PERIA_INTA242
 .text.INT_Excep_PERIA_INTA243
                0x00000000ffc00f23        0x9 ./generate/inthandler.o
                0x00000000ffc00f23                INT_Excep_PERIA_INTA243
 .text.INT_Excep_PERIA_INTA244
                0x00000000ffc00f2c        0x9 ./generate/inthandler.o
                0x00000000ffc00f2c                INT_Excep_PERIA_INTA244
 .text.INT_Excep_PERIA_INTA245
                0x00000000ffc00f35        0x9 ./generate/inthandler.o
                0x00000000ffc00f35                INT_Excep_PERIA_INTA245
 .text.INT_Excep_PERIA_INTA246
                0x00000000ffc00f3e        0x9 ./generate/inthandler.o
                0x00000000ffc00f3e                INT_Excep_PERIA_INTA246
 .text.INT_Excep_PERIA_INTA247
                0x00000000ffc00f47        0x9 ./generate/inthandler.o
                0x00000000ffc00f47                INT_Excep_PERIA_INTA247
 .text.INT_Excep_PERIA_INTA248
                0x00000000ffc00f50        0x9 ./generate/inthandler.o
                0x00000000ffc00f50                INT_Excep_PERIA_INTA248
 .text.INT_Excep_PERIA_INTA249
                0x00000000ffc00f59        0x9 ./generate/inthandler.o
                0x00000000ffc00f59                INT_Excep_PERIA_INTA249
 .text.INT_Excep_PERIA_INTA250
                0x00000000ffc00f62        0x9 ./generate/inthandler.o
                0x00000000ffc00f62                INT_Excep_PERIA_INTA250
 .text.INT_Excep_PERIA_INTA251
                0x00000000ffc00f6b        0x9 ./generate/inthandler.o
                0x00000000ffc00f6b                INT_Excep_PERIA_INTA251
 .text.INT_Excep_PERIA_INTA252
                0x00000000ffc00f74        0x9 ./generate/inthandler.o
                0x00000000ffc00f74                INT_Excep_PERIA_INTA252
 .text.INT_Excep_PERIA_INTA253
                0x00000000ffc00f7d        0x9 ./generate/inthandler.o
                0x00000000ffc00f7d                INT_Excep_PERIA_INTA253
 .text.INT_Excep_PERIA_INTA254
                0x00000000ffc00f86        0x9 ./generate/inthandler.o
                0x00000000ffc00f86                INT_Excep_PERIA_INTA254
 .text.INT_Excep_PERIA_INTA255
                0x00000000ffc00f8f        0x9 ./generate/inthandler.o
                0x00000000ffc00f8f                INT_Excep_PERIA_INTA255
 .text.__call_exitprocs
                0x00000000ffc00f98       0x85 c:/programdata/gcc for renesas rx 8.3.0.202202-gnurx-elf/rx-elf/rx-elf/bin/../lib/gcc/rx-elf/8.3.0.202202-GNURX/../../../../rx-elf/lib/rxv2\libc.a(lib_a-__call_atexit.o)
                0x00000000ffc00f98                __call_exitprocs
 *(P)
 P              0x00000000ffc0101d        0x0 ./src/peripheral/CMT.o
 P              0x00000000ffc0101d        0x0 ./src/peripheral/GPIO.o
 P              0x00000000ffc0101d        0x0 ./src/peripheral/SCI7.o
 P              0x00000000ffc0101d        0x0 ./src/main.o
 P              0x00000000ffc0101d        0x0 ./generate/hwinit.o
 P              0x00000000ffc0101d        0x0 ./generate/inthandler.o
 P              0x00000000ffc0101d        0x0 ./generate/start.o
 P              0x00000000ffc0101d        0x0 ./generate/vects.o
 P              0x00000000ffc0101d        0x0 c:/programdata/gcc for renesas rx 8.3.0.202202-gnurx-elf/rx-elf/rx-elf/bin/../lib/gcc/rx-elf/8.3.0.202202-GNURX/../../../../rx-elf/lib/rxv2\libc.a(lib_a-__call_atexit.o)
 P              0x00000000ffc0101d        0x0 c:/programdata/gcc for renesas rx 8.3.0.202202-gnurx-elf/rx-elf/rx-elf/bin/../lib/gcc/rx-elf/8.3.0.202202-GNURX/../../../../rx-elf/lib/rxv2\libc.a(lib_a-impure.o)
                0x00000000ffc0101d                etext = .

.rvectors       0x00000000ffc01020      0x400
                0x00000000ffc01020                _rvectors_start = .
 *(.rvectors)
 .rvectors      0x00000000ffc01020      0x400 ./generate/vects.o
                0x00000000ffc01020                RelocatableVectors
                0x00000000ffc01420                _rvectors_end = .

.init           0x00000000ffc01420        0x0
 *(.init)
                0x00000000ffc01420                __preinit_array_start = .
 *(.preinit_array)
                0x00000000ffc01420                __preinit_array_end = .
                0x00000000ffc01420                __init_array_start = ((. + 0x3) & 0xfffffffffffffffc)
 *(.init_array)
 *(SORT_BY_NAME(.init_array.*))
                0x00000000ffc01420                __init_array_end = .
                0x00000000ffc01420                __fini_array_start = .
 *(.fini_array)
 *(SORT_BY_NAME(.fini_array.*))
                0x00000000ffc01420                __fini_array_end = .

.fini
 *(.fini)

.got
 *(.got)
 *(.got.plt)

.rodata         0x00000000ffc01420       0x20
 *(.rodata)
 *(.rodata.*)
 .rodata._global_impure_ptr
                0x00000000ffc01420        0x4 c:/programdata/gcc for renesas rx 8.3.0.202202-gnurx-elf/rx-elf/rx-elf/bin/../lib/gcc/rx-elf/8.3.0.202202-GNURX/../../../../rx-elf/lib/rxv2\libc.a(lib_a-impure.o)
                0x00000000ffc01420                _global_impure_ptr
 *(C_1)
 *(C_2)
 *(C)
 C              0x00000000ffc01424       0x1c ./src/main.o
                0x00000000ffc01440                _erodata = .

.eh_frame_hdr
 *(.eh_frame_hdr)

.eh_frame
 *(.eh_frame)

.jcr
 *(.jcr)

.tors           0x00000000ffc01440        0x0
                0x00000000ffc01440                __CTOR_LIST__ = .
                0x00000000ffc01440                . = ALIGN (0x2)
                0x00000000ffc01440                ___ctors = .
 *(.ctors)
                0x00000000ffc01440                ___ctors_end = .
                0x00000000ffc01440                __CTOR_END__ = .
                0x00000000ffc01440                __DTOR_LIST__ = .
                0x00000000ffc01440                ___dtors = .
 *(.dtors)
                0x00000000ffc01440                ___dtors_end = .
                0x00000000ffc01440                __DTOR_END__ = .
                0x00000000ffc01440                . = ALIGN (0x2)
                0x00000000ffc01440                _mdata = .

.ustack         0x0000000000000200        0x0
                0x0000000000000200                _ustack = .

.istack         0x0000000000000100        0x0
                0x0000000000000100                _istack = .

.data           0x0000000000000204      0x42c load address 0x00000000ffc01440
                0x0000000000000204                _data = .
 *(.data)
 *(.data.*)
 .data.sci7_send_end_flag
                0x0000000000000204        0x1 ./src/peripheral/SCI7.o
                0x0000000000000204                sci7_send_end_flag
 *fill*         0x0000000000000205        0x3 
 .data._impure_ptr
                0x0000000000000208        0x4 c:/programdata/gcc for renesas rx 8.3.0.202202-gnurx-elf/rx-elf/rx-elf/bin/../lib/gcc/rx-elf/8.3.0.202202-GNURX/../../../../rx-elf/lib/rxv2\libc.a(lib_a-impure.o)
                0x0000000000000208                _impure_ptr
 .data.impure_data
                0x000000000000020c      0x424 c:/programdata/gcc for renesas rx 8.3.0.202202-gnurx-elf/rx-elf/rx-elf/bin/../lib/gcc/rx-elf/8.3.0.202202-GNURX/../../../../rx-elf/lib/rxv2\libc.a(lib_a-impure.o)
 *(D)
 *(D_1)
 D_1            0x0000000000000630        0x0 ./src/peripheral/CMT.o
 D_1            0x0000000000000630        0x0 ./src/peripheral/GPIO.o
 D_1            0x0000000000000630        0x0 ./src/peripheral/SCI7.o
 D_1            0x0000000000000630        0x0 ./src/main.o
 D_1            0x0000000000000630        0x0 ./generate/hwinit.o
 D_1            0x0000000000000630        0x0 ./generate/inthandler.o
 D_1            0x0000000000000630        0x0 ./generate/start.o
 D_1            0x0000000000000630        0x0 ./generate/vects.o
 D_1            0x0000000000000630        0x0 c:/programdata/gcc for renesas rx 8.3.0.202202-gnurx-elf/rx-elf/rx-elf/bin/../lib/gcc/rx-elf/8.3.0.202202-GNURX/../../../../rx-elf/lib/rxv2\libc.a(lib_a-__call_atexit.o)
 D_1            0x0000000000000630        0x0 c:/programdata/gcc for renesas rx 8.3.0.202202-gnurx-elf/rx-elf/rx-elf/bin/../lib/gcc/rx-elf/8.3.0.202202-GNURX/../../../../rx-elf/lib/rxv2\libc.a(lib_a-impure.o)
 *(D_2)
                0x0000000000000630                _edata = .

.gcc_exc
 *(.gcc_exc)

.bss            0x0000000000000630       0x10 load address 0x00000000ffc0186c
                0x0000000000000630                _bss = .
 *(.bss)
 *(.bss.**)
 .bss.sci7_tx_address
                0x0000000000000630        0x4 ./src/peripheral/SCI7.o
 .bss.sci7_tx_count
                0x0000000000000634        0x2 ./src/peripheral/SCI7.o
 *fill*         0x0000000000000636        0x2 
 .bss.sci7_rx_address
                0x0000000000000638        0x4 ./src/peripheral/SCI7.o
 .bss.sci7_rx_count
                0x000000000000063c        0x2 ./src/peripheral/SCI7.o
 .bss.sci7_rx_length
                0x000000000000063e        0x2 ./src/peripheral/SCI7.o
 *(COMMON)
 *(B)
 *(B_1)
 B_1            0x0000000000000640        0x0 ./src/peripheral/CMT.o
 B_1            0x0000000000000640        0x0 ./src/peripheral/GPIO.o
 B_1            0x0000000000000640        0x0 ./src/peripheral/SCI7.o
 B_1            0x0000000000000640        0x0 ./src/main.o
 B_1            0x0000000000000640        0x0 ./generate/hwinit.o
 B_1            0x0000000000000640        0x0 ./generate/inthandler.o
 B_1            0x0000000000000640        0x0 ./generate/start.o
 B_1            0x0000000000000640        0x0 ./generate/vects.o
 B_1            0x0000000000000640        0x0 c:/programdata/gcc for renesas rx 8.3.0.202202-gnurx-elf/rx-elf/rx-elf/bin/../lib/gcc/rx-elf/8.3.0.202202-GNURX/../../../../rx-elf/lib/rxv2\libc.a(lib_a-__call_atexit.o)
 B_1            0x0000000000000640        0x0 c:/programdata/gcc for renesas rx 8.3.0.202202-gnurx-elf/rx-elf/rx-elf/bin/../lib/gcc/rx-elf/8.3.0.202202-GNURX/../../../../rx-elf/lib/rxv2\libc.a(lib_a-impure.o)
 *(B_2)
                0x0000000000000640                _ebss = .
                0x0000000000000640                _end = .

.ofs1           0x0000000000120040        0x4
 *(.ofs1)
 .ofs1          0x0000000000120040        0x4 ./generate/vects.o
                0x0000000000120040                __SPCCreg

.ofs2           0x0000000000120048        0x4
 *(.ofs2)
 .ofs2          0x0000000000120048        0x4 ./generate/vects.o
                0x0000000000120048                __TMEFreg

.ofs3           0x0000000000120050       0x10
 *(.ofs3)
 .ofs3          0x0000000000120050       0x10 ./generate/vects.o
                0x0000000000120050                __OSISreg

.ofs4           0x0000000000120060       0x10
 *(.ofs4)
 .ofs4          0x0000000000120060       0x10 ./generate/vects.o
                0x0000000000120060                __TMINFreg
                0x0000000000120064                __MDEreg
                0x0000000000120068                __OFS0reg
                0x000000000012006c                __OFS1reg
OUTPUT(KAEDE_GCC.elf elf32-rx-le)

.debug_frame    0x0000000000000000     0x1e98
 .debug_frame   0x0000000000000000       0x38 ./src/peripheral/CMT.o
 .debug_frame   0x0000000000000038       0x7c ./src/peripheral/GPIO.o
 .debug_frame   0x00000000000000b4      0x144 ./src/peripheral/SCI7.o
 .debug_frame   0x00000000000001f8       0x38 ./src/main.o
 .debug_frame   0x0000000000000230       0x34 ./generate/hwinit.o
 .debug_frame   0x0000000000000264     0x1c34 ./generate/inthandler.o

.debug_info     0x0000000000000000     0xf813
 .debug_info    0x0000000000000000      0x210 ./src/peripheral/CMT.o
 .debug_info    0x0000000000000210      0xbb0 ./src/peripheral/GPIO.o
 .debug_info    0x0000000000000dc0     0x719c ./src/peripheral/SCI7.o
 .debug_info    0x0000000000007f5c      0x127 ./src/main.o
 .debug_info    0x0000000000008083     0x6587 ./generate/hwinit.o
 .debug_info    0x000000000000e60a     0x1096 ./generate/inthandler.o
 .debug_info    0x000000000000f6a0       0x26 ./generate/start.o
 .debug_info    0x000000000000f6c6      0x14d ./generate/vects.o

.debug_abbrev   0x0000000000000000      0x6f4
 .debug_abbrev  0x0000000000000000      0x120 ./src/peripheral/CMT.o
 .debug_abbrev  0x0000000000000120      0x129 ./src/peripheral/GPIO.o
 .debug_abbrev  0x0000000000000249      0x206 ./src/peripheral/SCI7.o
 .debug_abbrev  0x000000000000044f       0xb8 ./src/main.o
 .debug_abbrev  0x0000000000000507      0x113 ./generate/hwinit.o
 .debug_abbrev  0x000000000000061a       0x48 ./generate/inthandler.o
 .debug_abbrev  0x0000000000000662       0x14 ./generate/start.o
 .debug_abbrev  0x0000000000000676       0x7e ./generate/vects.o

.debug_aranges  0x0000000000000000      0x840
 .debug_aranges
                0x0000000000000000       0x20 ./src/peripheral/CMT.o
 .debug_aranges
                0x0000000000000020       0x30 ./src/peripheral/GPIO.o
 .debug_aranges
                0x0000000000000050       0x58 ./src/peripheral/SCI7.o
 .debug_aranges
                0x00000000000000a8       0x20 ./src/main.o
 .debug_aranges
                0x00000000000000c8       0x20 ./generate/hwinit.o
 .debug_aranges
                0x00000000000000e8      0x720 ./generate/inthandler.o
 .debug_aranges
                0x0000000000000808       0x20 ./generate/start.o
 .debug_aranges
                0x0000000000000828       0x18 ./generate/vects.o

.debug_ranges   0x0000000000000000      0x7a8
 .debug_ranges  0x0000000000000000       0x10 ./src/peripheral/CMT.o
 .debug_ranges  0x0000000000000010       0x20 ./src/peripheral/GPIO.o
 .debug_ranges  0x0000000000000030       0x48 ./src/peripheral/SCI7.o
 .debug_ranges  0x0000000000000078       0x10 ./src/main.o
 .debug_ranges  0x0000000000000088       0x10 ./generate/hwinit.o
 .debug_ranges  0x0000000000000098      0x710 ./generate/inthandler.o

.debug_line     0x0000000000000000     0x1a83
 .debug_line    0x0000000000000000       0xf8 ./src/peripheral/CMT.o
 .debug_line    0x00000000000000f8      0x12d ./src/peripheral/GPIO.o
 .debug_line    0x0000000000000225      0x29c ./src/peripheral/SCI7.o
 .debug_line    0x00000000000004c1       0xbb ./src/main.o
 .debug_line    0x000000000000057c      0x1c2 ./generate/hwinit.o
 .debug_line    0x000000000000073e     0x12a3 ./generate/inthandler.o
 .debug_line    0x00000000000019e1       0x6e ./generate/start.o
 .debug_line    0x0000000000001a4f       0x34 ./generate/vects.o

.debug_str      0x0000000000000000     0x5a4f
 .debug_str     0x0000000000000000      0x174 ./src/peripheral/CMT.o
                                        0x190 (size before relaxing)
 .debug_str     0x0000000000000174       0x7d ./src/peripheral/GPIO.o
                                        0x19a (size before relaxing)
 .debug_str     0x00000000000001f1     0x36e3 ./src/peripheral/SCI7.o
                                       0x3861 (size before relaxing)
 .debug_str     0x00000000000038d4       0x18 ./src/main.o
                                        0x185 (size before relaxing)
 .debug_str     0x00000000000038ec      0xcab ./generate/hwinit.o
                                        0xe7f (size before relaxing)
 .debug_str     0x0000000000004597     0x140b ./generate/inthandler.o
                                       0x14e3 (size before relaxing)
 .debug_str     0x00000000000059a2       0x22 ./generate/start.o
                                         0x61 (size before relaxing)
 .debug_str     0x00000000000059c4       0x8b ./generate/vects.o
                                        0x175 (size before relaxing)

.comment        0x0000000000000000       0x6c
 .comment       0x0000000000000000       0x36 ./src/peripheral/CMT.o
                                         0x37 (size before relaxing)
 .comment       0x0000000000000036       0x37 ./src/peripheral/GPIO.o
 .comment       0x0000000000000036       0x37 ./src/peripheral/SCI7.o
 .comment       0x0000000000000036       0x37 ./src/main.o
 .comment       0x0000000000000036       0x37 ./generate/hwinit.o
 .comment       0x0000000000000036       0x37 ./generate/inthandler.o
 .comment       0x0000000000000036       0x37 ./generate/vects.o
 .comment       0x0000000000000036       0x36 c:/programdata/gcc for renesas rx 8.3.0.202202-gnurx-elf/rx-elf/rx-elf/bin/../lib/gcc/rx-elf/8.3.0.202202-GNURX/../../../../rx-elf/lib/rxv2\libc.a(lib_a-__call_atexit.o)
                                         0x37 (size before relaxing)
 .comment       0x000000000000006c       0x37 c:/programdata/gcc for renesas rx 8.3.0.202202-gnurx-elf/rx-elf/rx-elf/bin/../lib/gcc/rx-elf/8.3.0.202202-GNURX/../../../../rx-elf/lib/rxv2\libc.a(lib_a-impure.o)
