Archive member included to satisfy reference by file (symbol)

c:/programdata/gcc for renesas rx 8.3.0.202202-gnurx-elf/rx-elf/rx-elf/bin/../lib/gcc/rx-elf/8.3.0.202202-GNURX/../../../../rx-elf/lib/rxv2\libc.a(lib_a-__call_atexit.o)
                              ./generate/start.o (__call_exitprocs)
c:/programdata/gcc for renesas rx 8.3.0.202202-gnurx-elf/rx-elf/rx-elf/bin/../lib/gcc/rx-elf/8.3.0.202202-GNURX/../../../../rx-elf/lib/rxv2\libc.a(lib_a-impure.o)
                              c:/programdata/gcc for renesas rx 8.3.0.202202-gnurx-elf/rx-elf/rx-elf/bin/../lib/gcc/rx-elf/8.3.0.202202-GNURX/../../../../rx-elf/lib/rxv2\libc.a(lib_a-__call_atexit.o) (_global_impure_ptr)

Memory Configuration

Name             Origin             Length             Attributes
RAM              0x0000000000000000 0x0000000000080000
ROM              0x00000000ffc00000 0x0000000000400000
OFS              0x0000000000120000 0x0000000000000100
*default*        0x0000000000000000 0xffffffffffffffff

Linker script and memory map

LOAD ./src/KAEDE_GCC.o
LOAD ./generate/hwinit.o
LOAD ./generate/inthandler.o
LOAD ./generate/start.o
LOAD ./generate/vects.o
START GROUP
LOAD c:/programdata/gcc for renesas rx 8.3.0.202202-gnurx-elf/rx-elf/rx-elf/bin/../lib/gcc/rx-elf/8.3.0.202202-GNURX/../../../../rx-elf/lib/rxv2\libm.a
LOAD c:/programdata/gcc for renesas rx 8.3.0.202202-gnurx-elf/rx-elf/rx-elf/bin/../lib/gcc/rx-elf/8.3.0.202202-GNURX/../../../../rx-elf/lib/rxv2\libc.a
LOAD c:/programdata/gcc for renesas rx 8.3.0.202202-gnurx-elf/rx-elf/rx-elf/bin/../lib/gcc/rx-elf/8.3.0.202202-GNURX/rxv2\libgcc.a
END GROUP
LOAD c:/programdata/gcc for renesas rx 8.3.0.202202-gnurx-elf/rx-elf/rx-elf/bin/../lib/gcc/rx-elf/8.3.0.202202-GNURX/rxv2\libgcc.a
START GROUP
LOAD c:/programdata/gcc for renesas rx 8.3.0.202202-gnurx-elf/rx-elf/rx-elf/bin/../lib/gcc/rx-elf/8.3.0.202202-GNURX/../../../../rx-elf/lib/rxv2\libc.a
LOAD c:/programdata/gcc for renesas rx 8.3.0.202202-gnurx-elf/rx-elf/rx-elf/bin/../lib/gcc/rx-elf/8.3.0.202202-GNURX/../../../../rx-elf/lib/rxv2\libnosys.a
END GROUP
LOAD c:/programdata/gcc for renesas rx 8.3.0.202202-gnurx-elf/rx-elf/rx-elf/bin/../lib/gcc/rx-elf/8.3.0.202202-GNURX/rxv2\libgcc.a

.exvectors      0x00000000ffffff80       0x7c
 *(.exvectors)
 .exvectors     0x00000000ffffff80       0x7c ./generate/vects.o
                0x00000000ffffff80                ExceptVectors

.fvectors       0x00000000fffffffc        0x4
 *(.fvectors)
 .fvectors      0x00000000fffffffc        0x4 ./generate/vects.o
                0x00000000fffffffc                HardwareVectors

.text           0x00000000ffc00000      0x921
 *(.text)
 .text          0x00000000ffc00000       0x8a ./generate/start.o
                0x00000000ffc00000                PowerON_Reset
                0x00000000ffc0007d                _rx_fini
 *(.text.*)
 .text.main     0x00000000ffc0008a        0x6 ./src/KAEDE_GCC.o
                0x00000000ffc0008a                main
 .text.HardwareSetup
                0x00000000ffc00090        0x8 ./generate/hwinit.o
                0x00000000ffc00090                HardwareSetup
 .text.INT_Excep_SuperVisorInst
                0x00000000ffc00098        0x9 ./generate/inthandler.o
                0x00000000ffc00098                INT_Excep_SuperVisorInst
 .text.INT_Excep_AccessInst
                0x00000000ffc000a1        0x9 ./generate/inthandler.o
                0x00000000ffc000a1                INT_Excep_AccessInst
 .text.INT_Excep_UndefinedInst
                0x00000000ffc000aa        0x9 ./generate/inthandler.o
                0x00000000ffc000aa                INT_Excep_UndefinedInst
 .text.INT_Excep_FloatingPoint
                0x00000000ffc000b3        0x9 ./generate/inthandler.o
                0x00000000ffc000b3                INT_Excep_FloatingPoint
 .text.INT_NonMaskableInterrupt
                0x00000000ffc000bc        0x9 ./generate/inthandler.o
                0x00000000ffc000bc                INT_NonMaskableInterrupt
 .text.Dummy    0x00000000ffc000c5        0x9 ./generate/inthandler.o
                0x00000000ffc000c5                Dummy
 .text.INT_Excep_BRK
                0x00000000ffc000ce        0x9 ./generate/inthandler.o
                0x00000000ffc000ce                INT_Excep_BRK
 .text.INT_Excep_BSC_BUSERR
                0x00000000ffc000d7        0x9 ./generate/inthandler.o
                0x00000000ffc000d7                INT_Excep_BSC_BUSERR
 .text.INT_Excep_RAM_RAMERR
                0x00000000ffc000e0        0x9 ./generate/inthandler.o
                0x00000000ffc000e0                INT_Excep_RAM_RAMERR
 .text.INT_Excep_FCU_FIFERR
                0x00000000ffc000e9        0x9 ./generate/inthandler.o
                0x00000000ffc000e9                INT_Excep_FCU_FIFERR
 .text.INT_Excep_FCU_FRDYI
                0x00000000ffc000f2        0x9 ./generate/inthandler.o
                0x00000000ffc000f2                INT_Excep_FCU_FRDYI
 .text.INT_Excep_ICU_SWINT2
                0x00000000ffc000fb        0x9 ./generate/inthandler.o
                0x00000000ffc000fb                INT_Excep_ICU_SWINT2
 .text.INT_Excep_ICU_SWINT
                0x00000000ffc00104        0x9 ./generate/inthandler.o
                0x00000000ffc00104                INT_Excep_ICU_SWINT
 .text.INT_Excep_CMT0_CMI0
                0x00000000ffc0010d        0x9 ./generate/inthandler.o
                0x00000000ffc0010d                INT_Excep_CMT0_CMI0
 .text.INT_Excep_CMT1_CMI1
                0x00000000ffc00116        0x9 ./generate/inthandler.o
                0x00000000ffc00116                INT_Excep_CMT1_CMI1
 .text.INT_Excep_CMTW0_CMWI0
                0x00000000ffc0011f        0x9 ./generate/inthandler.o
                0x00000000ffc0011f                INT_Excep_CMTW0_CMWI0
 .text.INT_Excep_CMTW1_CMWI1
                0x00000000ffc00128        0x9 ./generate/inthandler.o
                0x00000000ffc00128                INT_Excep_CMTW1_CMWI1
 .text.INT_Excep_USBA_D0FIFO2
                0x00000000ffc00131        0x9 ./generate/inthandler.o
                0x00000000ffc00131                INT_Excep_USBA_D0FIFO2
 .text.INT_Excep_USBA_D1FIFO2
                0x00000000ffc0013a        0x9 ./generate/inthandler.o
                0x00000000ffc0013a                INT_Excep_USBA_D1FIFO2
 .text.INT_Excep_USB0_D0FIFO0
                0x00000000ffc00143        0x9 ./generate/inthandler.o
                0x00000000ffc00143                INT_Excep_USB0_D0FIFO0
 .text.INT_Excep_USB0_D1FIFO0
                0x00000000ffc0014c        0x9 ./generate/inthandler.o
                0x00000000ffc0014c                INT_Excep_USB0_D1FIFO0
 .text.INT_Excep_RSPI0_SPRI0
                0x00000000ffc00155        0x9 ./generate/inthandler.o
                0x00000000ffc00155                INT_Excep_RSPI0_SPRI0
 .text.INT_Excep_RSPI0_SPTI0
                0x00000000ffc0015e        0x9 ./generate/inthandler.o
                0x00000000ffc0015e                INT_Excep_RSPI0_SPTI0
 .text.INT_Excep_QSPI_SPRI
                0x00000000ffc00167        0x9 ./generate/inthandler.o
                0x00000000ffc00167                INT_Excep_QSPI_SPRI
 .text.INT_Excep_QSPI_SPTI
                0x00000000ffc00170        0x9 ./generate/inthandler.o
                0x00000000ffc00170                INT_Excep_QSPI_SPTI
 .text.INT_Excep_SDHI_SBFAI
                0x00000000ffc00179        0x9 ./generate/inthandler.o
                0x00000000ffc00179                INT_Excep_SDHI_SBFAI
 .text.INT_Excep_MMCIF_MBFAI
                0x00000000ffc00182        0x9 ./generate/inthandler.o
                0x00000000ffc00182                INT_Excep_MMCIF_MBFAI
 .text.INT_Excep_SSI0_SSITXI0
                0x00000000ffc0018b        0x9 ./generate/inthandler.o
                0x00000000ffc0018b                INT_Excep_SSI0_SSITXI0
 .text.INT_Excep_SSI0_SSIRXI0
                0x00000000ffc00194        0x9 ./generate/inthandler.o
                0x00000000ffc00194                INT_Excep_SSI0_SSIRXI0
 .text.INT_Excep_SSI1_SSIRTI1
                0x00000000ffc0019d        0x9 ./generate/inthandler.o
                0x00000000ffc0019d                INT_Excep_SSI1_SSIRTI1
 .text.INT_Excep_SRC_IDEI
                0x00000000ffc001a6        0x9 ./generate/inthandler.o
                0x00000000ffc001a6                INT_Excep_SRC_IDEI
 .text.INT_Excep_SRC_ODFI
                0x00000000ffc001af        0x9 ./generate/inthandler.o
                0x00000000ffc001af                INT_Excep_SRC_ODFI
 .text.INT_Excep_RIIC0_RXI0
                0x00000000ffc001b8        0x9 ./generate/inthandler.o
                0x00000000ffc001b8                INT_Excep_RIIC0_RXI0
 .text.INT_Excep_RIIC0_TXI0
                0x00000000ffc001c1        0x9 ./generate/inthandler.o
                0x00000000ffc001c1                INT_Excep_RIIC0_TXI0
 .text.INT_Excep_RIIC2_RXI2
                0x00000000ffc001ca        0x9 ./generate/inthandler.o
                0x00000000ffc001ca                INT_Excep_RIIC2_RXI2
 .text.INT_Excep_RIIC2_TXI2
                0x00000000ffc001d3        0x9 ./generate/inthandler.o
                0x00000000ffc001d3                INT_Excep_RIIC2_TXI2
 .text.INT_Excep_SCI0_RXI0
                0x00000000ffc001dc        0x9 ./generate/inthandler.o
                0x00000000ffc001dc                INT_Excep_SCI0_RXI0
 .text.INT_Excep_SCI0_TXI0
                0x00000000ffc001e5        0x9 ./generate/inthandler.o
                0x00000000ffc001e5                INT_Excep_SCI0_TXI0
 .text.INT_Excep_SCI1_RXI1
                0x00000000ffc001ee        0x9 ./generate/inthandler.o
                0x00000000ffc001ee                INT_Excep_SCI1_RXI1
 .text.INT_Excep_SCI1_TXI1
                0x00000000ffc001f7        0x9 ./generate/inthandler.o
                0x00000000ffc001f7                INT_Excep_SCI1_TXI1
 .text.INT_Excep_SCI2_RXI2
                0x00000000ffc00200        0x9 ./generate/inthandler.o
                0x00000000ffc00200                INT_Excep_SCI2_RXI2
 .text.INT_Excep_SCI2_TXI2
                0x00000000ffc00209        0x9 ./generate/inthandler.o
                0x00000000ffc00209                INT_Excep_SCI2_TXI2
 .text.INT_Excep_ICU_IRQ0
                0x00000000ffc00212        0x9 ./generate/inthandler.o
                0x00000000ffc00212                INT_Excep_ICU_IRQ0
 .text.INT_Excep_ICU_IRQ1
                0x00000000ffc0021b        0x9 ./generate/inthandler.o
                0x00000000ffc0021b                INT_Excep_ICU_IRQ1
 .text.INT_Excep_ICU_IRQ2
                0x00000000ffc00224        0x9 ./generate/inthandler.o
                0x00000000ffc00224                INT_Excep_ICU_IRQ2
 .text.INT_Excep_ICU_IRQ3
                0x00000000ffc0022d        0x9 ./generate/inthandler.o
                0x00000000ffc0022d                INT_Excep_ICU_IRQ3
 .text.INT_Excep_ICU_IRQ4
                0x00000000ffc00236        0x9 ./generate/inthandler.o
                0x00000000ffc00236                INT_Excep_ICU_IRQ4
 .text.INT_Excep_ICU_IRQ5
                0x00000000ffc0023f        0x9 ./generate/inthandler.o
                0x00000000ffc0023f                INT_Excep_ICU_IRQ5
 .text.INT_Excep_ICU_IRQ6
                0x00000000ffc00248        0x9 ./generate/inthandler.o
                0x00000000ffc00248                INT_Excep_ICU_IRQ6
 .text.INT_Excep_ICU_IRQ7
                0x00000000ffc00251        0x9 ./generate/inthandler.o
                0x00000000ffc00251                INT_Excep_ICU_IRQ7
 .text.INT_Excep_ICU_IRQ8
                0x00000000ffc0025a        0x9 ./generate/inthandler.o
                0x00000000ffc0025a                INT_Excep_ICU_IRQ8
 .text.INT_Excep_ICU_IRQ9
                0x00000000ffc00263        0x9 ./generate/inthandler.o
                0x00000000ffc00263                INT_Excep_ICU_IRQ9
 .text.INT_Excep_ICU_IRQ10
                0x00000000ffc0026c        0x9 ./generate/inthandler.o
                0x00000000ffc0026c                INT_Excep_ICU_IRQ10
 .text.INT_Excep_ICU_IRQ11
                0x00000000ffc00275        0x9 ./generate/inthandler.o
                0x00000000ffc00275                INT_Excep_ICU_IRQ11
 .text.INT_Excep_ICU_IRQ12
                0x00000000ffc0027e        0x9 ./generate/inthandler.o
                0x00000000ffc0027e                INT_Excep_ICU_IRQ12
 .text.INT_Excep_ICU_IRQ13
                0x00000000ffc00287        0x9 ./generate/inthandler.o
                0x00000000ffc00287                INT_Excep_ICU_IRQ13
 .text.INT_Excep_ICU_IRQ14
                0x00000000ffc00290        0x9 ./generate/inthandler.o
                0x00000000ffc00290                INT_Excep_ICU_IRQ14
 .text.INT_Excep_ICU_IRQ15
                0x00000000ffc00299        0x9 ./generate/inthandler.o
                0x00000000ffc00299                INT_Excep_ICU_IRQ15
 .text.INT_Excep_SCI3_RXI3
                0x00000000ffc002a2        0x9 ./generate/inthandler.o
                0x00000000ffc002a2                INT_Excep_SCI3_RXI3
 .text.INT_Excep_SCI3_TXI3
                0x00000000ffc002ab        0x9 ./generate/inthandler.o
                0x00000000ffc002ab                INT_Excep_SCI3_TXI3
 .text.INT_Excep_SCI4_RXI4
                0x00000000ffc002b4        0x9 ./generate/inthandler.o
                0x00000000ffc002b4                INT_Excep_SCI4_RXI4
 .text.INT_Excep_SCI4_TXI4
                0x00000000ffc002bd        0x9 ./generate/inthandler.o
                0x00000000ffc002bd                INT_Excep_SCI4_TXI4
 .text.INT_Excep_SCI5_RXI5
                0x00000000ffc002c6        0x9 ./generate/inthandler.o
                0x00000000ffc002c6                INT_Excep_SCI5_RXI5
 .text.INT_Excep_SCI5_TXI5
                0x00000000ffc002cf        0x9 ./generate/inthandler.o
                0x00000000ffc002cf                INT_Excep_SCI5_TXI5
 .text.INT_Excep_SCI6_RXI6
                0x00000000ffc002d8        0x9 ./generate/inthandler.o
                0x00000000ffc002d8                INT_Excep_SCI6_RXI6
 .text.INT_Excep_SCI6_TXI6
                0x00000000ffc002e1        0x9 ./generate/inthandler.o
                0x00000000ffc002e1                INT_Excep_SCI6_TXI6
 .text.INT_Excep_LVD1_LVD1
                0x00000000ffc002ea        0x9 ./generate/inthandler.o
                0x00000000ffc002ea                INT_Excep_LVD1_LVD1
 .text.INT_Excep_LVD2_LVD2
                0x00000000ffc002f3        0x9 ./generate/inthandler.o
                0x00000000ffc002f3                INT_Excep_LVD2_LVD2
 .text.INT_Excep_USB0_USBR0
                0x00000000ffc002fc        0x9 ./generate/inthandler.o
                0x00000000ffc002fc                INT_Excep_USB0_USBR0
 .text.INT_Excep_RTC_ALM
                0x00000000ffc00305        0x9 ./generate/inthandler.o
                0x00000000ffc00305                INT_Excep_RTC_ALM
 .text.INT_Excep_RTC_PRD
                0x00000000ffc0030e        0x9 ./generate/inthandler.o
                0x00000000ffc0030e                INT_Excep_RTC_PRD
 .text.INT_Excep_USBA_USBAR
                0x00000000ffc00317        0x9 ./generate/inthandler.o
                0x00000000ffc00317                INT_Excep_USBA_USBAR
 .text.INT_Excep_IWDT_IWUNI
                0x00000000ffc00320        0x9 ./generate/inthandler.o
                0x00000000ffc00320                INT_Excep_IWDT_IWUNI
 .text.INT_Excep_WDT_WUNI
                0x00000000ffc00329        0x9 ./generate/inthandler.o
                0x00000000ffc00329                INT_Excep_WDT_WUNI
 .text.INT_Excep_PDC_PCDFI
                0x00000000ffc00332        0x9 ./generate/inthandler.o
                0x00000000ffc00332                INT_Excep_PDC_PCDFI
 .text.INT_Excep_SCI7_RXI7
                0x00000000ffc0033b        0x9 ./generate/inthandler.o
                0x00000000ffc0033b                INT_Excep_SCI7_RXI7
 .text.INT_Excep_SCI7_TXI7
                0x00000000ffc00344        0x9 ./generate/inthandler.o
                0x00000000ffc00344                INT_Excep_SCI7_TXI7
 .text.INT_Excep_SCIFA8_RXIF8
                0x00000000ffc0034d        0x9 ./generate/inthandler.o
                0x00000000ffc0034d                INT_Excep_SCIFA8_RXIF8
 .text.INT_Excep_SCIFA8_TXIF8
                0x00000000ffc00356        0x9 ./generate/inthandler.o
                0x00000000ffc00356                INT_Excep_SCIFA8_TXIF8
 .text.INT_Excep_SCIFA9_RXIF9
                0x00000000ffc0035f        0x9 ./generate/inthandler.o
                0x00000000ffc0035f                INT_Excep_SCIFA9_RXIF9
 .text.INT_Excep_SCIFA9_TXIF9
                0x00000000ffc00368        0x9 ./generate/inthandler.o
                0x00000000ffc00368                INT_Excep_SCIFA9_TXIF9
 .text.INT_Excep_SCIFA10_RXIF10
                0x00000000ffc00371        0x9 ./generate/inthandler.o
                0x00000000ffc00371                INT_Excep_SCIFA10_RXIF10
 .text.INT_Excep_SCIFA10_TXIF10
                0x00000000ffc0037a        0x9 ./generate/inthandler.o
                0x00000000ffc0037a                INT_Excep_SCIFA10_TXIF10
 .text.INT_Excep_ICU_GROUPBE0
                0x00000000ffc00383        0x9 ./generate/inthandler.o
                0x00000000ffc00383                INT_Excep_ICU_GROUPBE0
 .text.INT_Excep_ICU_GROUPBL0
                0x00000000ffc0038c        0x9 ./generate/inthandler.o
                0x00000000ffc0038c                INT_Excep_ICU_GROUPBL0
 .text.INT_Excep_ICU_GROUPBL1
                0x00000000ffc00395        0x9 ./generate/inthandler.o
                0x00000000ffc00395                INT_Excep_ICU_GROUPBL1
 .text.INT_Excep_ICU_GROUPAL0
                0x00000000ffc0039e        0x9 ./generate/inthandler.o
                0x00000000ffc0039e                INT_Excep_ICU_GROUPAL0
 .text.INT_Excep_ICU_GROUPAL1
                0x00000000ffc003a7        0x9 ./generate/inthandler.o
                0x00000000ffc003a7                INT_Excep_ICU_GROUPAL1
 .text.INT_Excep_SCIFA11_RXIF11
                0x00000000ffc003b0        0x9 ./generate/inthandler.o
                0x00000000ffc003b0                INT_Excep_SCIFA11_RXIF11
 .text.INT_Excep_SCIFA11_TXIF11
                0x00000000ffc003b9        0x9 ./generate/inthandler.o
                0x00000000ffc003b9                INT_Excep_SCIFA11_TXIF11
 .text.INT_Excep_SCI12_RXI12
                0x00000000ffc003c2        0x9 ./generate/inthandler.o
                0x00000000ffc003c2                INT_Excep_SCI12_RXI12
 .text.INT_Excep_SCI12_TXI12
                0x00000000ffc003cb        0x9 ./generate/inthandler.o
                0x00000000ffc003cb                INT_Excep_SCI12_TXI12
 .text.INT_Excep_DMAC_DMAC0I
                0x00000000ffc003d4        0x9 ./generate/inthandler.o
                0x00000000ffc003d4                INT_Excep_DMAC_DMAC0I
 .text.INT_Excep_DMAC_DMAC1I
                0x00000000ffc003dd        0x9 ./generate/inthandler.o
                0x00000000ffc003dd                INT_Excep_DMAC_DMAC1I
 .text.INT_Excep_DMAC_DMAC2I
                0x00000000ffc003e6        0x9 ./generate/inthandler.o
                0x00000000ffc003e6                INT_Excep_DMAC_DMAC2I
 .text.INT_Excep_DMAC_DMAC3I
                0x00000000ffc003ef        0x9 ./generate/inthandler.o
                0x00000000ffc003ef                INT_Excep_DMAC_DMAC3I
 .text.INT_Excep_DMAC_DMAC74I
                0x00000000ffc003f8        0x9 ./generate/inthandler.o
                0x00000000ffc003f8                INT_Excep_DMAC_DMAC74I
 .text.INT_Excep_OST_OST
                0x00000000ffc00401        0x9 ./generate/inthandler.o
                0x00000000ffc00401                INT_Excep_OST_OST
 .text.INT_Excep_EXDMAC_EXDMAC0I
                0x00000000ffc0040a        0x9 ./generate/inthandler.o
                0x00000000ffc0040a                INT_Excep_EXDMAC_EXDMAC0I
 .text.INT_Excep_EXDMAC_EXDMAC1I
                0x00000000ffc00413        0x9 ./generate/inthandler.o
                0x00000000ffc00413                INT_Excep_EXDMAC_EXDMAC1I
 .text.INT_Excep_PERIB_INTB128
                0x00000000ffc0041c        0x9 ./generate/inthandler.o
                0x00000000ffc0041c                INT_Excep_PERIB_INTB128
 .text.INT_Excep_PERIB_INTB129
                0x00000000ffc00425        0x9 ./generate/inthandler.o
                0x00000000ffc00425                INT_Excep_PERIB_INTB129
 .text.INT_Excep_PERIB_INTB130
                0x00000000ffc0042e        0x9 ./generate/inthandler.o
                0x00000000ffc0042e                INT_Excep_PERIB_INTB130
 .text.INT_Excep_PERIB_INTB131
                0x00000000ffc00437        0x9 ./generate/inthandler.o
                0x00000000ffc00437                INT_Excep_PERIB_INTB131
 .text.INT_Excep_PERIB_INTB132
                0x00000000ffc00440        0x9 ./generate/inthandler.o
                0x00000000ffc00440                INT_Excep_PERIB_INTB132
 .text.INT_Excep_PERIB_INTB133
                0x00000000ffc00449        0x9 ./generate/inthandler.o
                0x00000000ffc00449                INT_Excep_PERIB_INTB133
 .text.INT_Excep_PERIB_INTB134
                0x00000000ffc00452        0x9 ./generate/inthandler.o
                0x00000000ffc00452                INT_Excep_PERIB_INTB134
 .text.INT_Excep_PERIB_INTB135
                0x00000000ffc0045b        0x9 ./generate/inthandler.o
                0x00000000ffc0045b                INT_Excep_PERIB_INTB135
 .text.INT_Excep_PERIB_INTB136
                0x00000000ffc00464        0x9 ./generate/inthandler.o
                0x00000000ffc00464                INT_Excep_PERIB_INTB136
 .text.INT_Excep_PERIB_INTB137
                0x00000000ffc0046d        0x9 ./generate/inthandler.o
                0x00000000ffc0046d                INT_Excep_PERIB_INTB137
 .text.INT_Excep_PERIB_INTB138
                0x00000000ffc00476        0x9 ./generate/inthandler.o
                0x00000000ffc00476                INT_Excep_PERIB_INTB138
 .text.INT_Excep_PERIB_INTB139
                0x00000000ffc0047f        0x9 ./generate/inthandler.o
                0x00000000ffc0047f                INT_Excep_PERIB_INTB139
 .text.INT_Excep_PERIB_INTB140
                0x00000000ffc00488        0x9 ./generate/inthandler.o
                0x00000000ffc00488                INT_Excep_PERIB_INTB140
 .text.INT_Excep_PERIB_INTB141
                0x00000000ffc00491        0x9 ./generate/inthandler.o
                0x00000000ffc00491                INT_Excep_PERIB_INTB141
 .text.INT_Excep_PERIB_INTB142
                0x00000000ffc0049a        0x9 ./generate/inthandler.o
                0x00000000ffc0049a                INT_Excep_PERIB_INTB142
 .text.INT_Excep_PERIB_INTB143
                0x00000000ffc004a3        0x9 ./generate/inthandler.o
                0x00000000ffc004a3                INT_Excep_PERIB_INTB143
 .text.INT_Excep_PERIB_INTB144
                0x00000000ffc004ac        0x9 ./generate/inthandler.o
                0x00000000ffc004ac                INT_Excep_PERIB_INTB144
 .text.INT_Excep_PERIB_INTB145
                0x00000000ffc004b5        0x9 ./generate/inthandler.o
                0x00000000ffc004b5                INT_Excep_PERIB_INTB145
 .text.INT_Excep_PERIB_INTB146
                0x00000000ffc004be        0x9 ./generate/inthandler.o
                0x00000000ffc004be                INT_Excep_PERIB_INTB146
 .text.INT_Excep_PERIB_INTB147
                0x00000000ffc004c7        0x9 ./generate/inthandler.o
                0x00000000ffc004c7                INT_Excep_PERIB_INTB147
 .text.INT_Excep_PERIB_INTB148
                0x00000000ffc004d0        0x9 ./generate/inthandler.o
                0x00000000ffc004d0                INT_Excep_PERIB_INTB148
 .text.INT_Excep_PERIB_INTB149
                0x00000000ffc004d9        0x9 ./generate/inthandler.o
                0x00000000ffc004d9                INT_Excep_PERIB_INTB149
 .text.INT_Excep_PERIB_INTB150
                0x00000000ffc004e2        0x9 ./generate/inthandler.o
                0x00000000ffc004e2                INT_Excep_PERIB_INTB150
 .text.INT_Excep_PERIB_INTB151
                0x00000000ffc004eb        0x9 ./generate/inthandler.o
                0x00000000ffc004eb                INT_Excep_PERIB_INTB151
 .text.INT_Excep_PERIB_INTB152
                0x00000000ffc004f4        0x9 ./generate/inthandler.o
                0x00000000ffc004f4                INT_Excep_PERIB_INTB152
 .text.INT_Excep_PERIB_INTB153
                0x00000000ffc004fd        0x9 ./generate/inthandler.o
                0x00000000ffc004fd                INT_Excep_PERIB_INTB153
 .text.INT_Excep_PERIB_INTB154
                0x00000000ffc00506        0x9 ./generate/inthandler.o
                0x00000000ffc00506                INT_Excep_PERIB_INTB154
 .text.INT_Excep_PERIB_INTB155
                0x00000000ffc0050f        0x9 ./generate/inthandler.o
                0x00000000ffc0050f                INT_Excep_PERIB_INTB155
 .text.INT_Excep_PERIB_INTB156
                0x00000000ffc00518        0x9 ./generate/inthandler.o
                0x00000000ffc00518                INT_Excep_PERIB_INTB156
 .text.INT_Excep_PERIB_INTB157
                0x00000000ffc00521        0x9 ./generate/inthandler.o
                0x00000000ffc00521                INT_Excep_PERIB_INTB157
 .text.INT_Excep_PERIB_INTB158
                0x00000000ffc0052a        0x9 ./generate/inthandler.o
                0x00000000ffc0052a                INT_Excep_PERIB_INTB158
 .text.INT_Excep_PERIB_INTB159
                0x00000000ffc00533        0x9 ./generate/inthandler.o
                0x00000000ffc00533                INT_Excep_PERIB_INTB159
 .text.INT_Excep_PERIB_INTB160
                0x00000000ffc0053c        0x9 ./generate/inthandler.o
                0x00000000ffc0053c                INT_Excep_PERIB_INTB160
 .text.INT_Excep_PERIB_INTB161
                0x00000000ffc00545        0x9 ./generate/inthandler.o
                0x00000000ffc00545                INT_Excep_PERIB_INTB161
 .text.INT_Excep_PERIB_INTB162
                0x00000000ffc0054e        0x9 ./generate/inthandler.o
                0x00000000ffc0054e                INT_Excep_PERIB_INTB162
 .text.INT_Excep_PERIB_INTB163
                0x00000000ffc00557        0x9 ./generate/inthandler.o
                0x00000000ffc00557                INT_Excep_PERIB_INTB163
 .text.INT_Excep_PERIB_INTB164
                0x00000000ffc00560        0x9 ./generate/inthandler.o
                0x00000000ffc00560                INT_Excep_PERIB_INTB164
 .text.INT_Excep_PERIB_INTB165
                0x00000000ffc00569        0x9 ./generate/inthandler.o
                0x00000000ffc00569                INT_Excep_PERIB_INTB165
 .text.INT_Excep_PERIB_INTB166
                0x00000000ffc00572        0x9 ./generate/inthandler.o
                0x00000000ffc00572                INT_Excep_PERIB_INTB166
 .text.INT_Excep_PERIB_INTB167
                0x00000000ffc0057b        0x9 ./generate/inthandler.o
                0x00000000ffc0057b                INT_Excep_PERIB_INTB167
 .text.INT_Excep_PERIB_INTB168
                0x00000000ffc00584        0x9 ./generate/inthandler.o
                0x00000000ffc00584                INT_Excep_PERIB_INTB168
 .text.INT_Excep_PERIB_INTB169
                0x00000000ffc0058d        0x9 ./generate/inthandler.o
                0x00000000ffc0058d                INT_Excep_PERIB_INTB169
 .text.INT_Excep_PERIB_INTB170
                0x00000000ffc00596        0x9 ./generate/inthandler.o
                0x00000000ffc00596                INT_Excep_PERIB_INTB170
 .text.INT_Excep_PERIB_INTB171
                0x00000000ffc0059f        0x9 ./generate/inthandler.o
                0x00000000ffc0059f                INT_Excep_PERIB_INTB171
 .text.INT_Excep_PERIB_INTB172
                0x00000000ffc005a8        0x9 ./generate/inthandler.o
                0x00000000ffc005a8                INT_Excep_PERIB_INTB172
 .text.INT_Excep_PERIB_INTB173
                0x00000000ffc005b1        0x9 ./generate/inthandler.o
                0x00000000ffc005b1                INT_Excep_PERIB_INTB173
 .text.INT_Excep_PERIB_INTB174
                0x00000000ffc005ba        0x9 ./generate/inthandler.o
                0x00000000ffc005ba                INT_Excep_PERIB_INTB174
 .text.INT_Excep_PERIB_INTB175
                0x00000000ffc005c3        0x9 ./generate/inthandler.o
                0x00000000ffc005c3                INT_Excep_PERIB_INTB175
 .text.INT_Excep_PERIB_INTB176
                0x00000000ffc005cc        0x9 ./generate/inthandler.o
                0x00000000ffc005cc                INT_Excep_PERIB_INTB176
 .text.INT_Excep_PERIB_INTB177
                0x00000000ffc005d5        0x9 ./generate/inthandler.o
                0x00000000ffc005d5                INT_Excep_PERIB_INTB177
 .text.INT_Excep_PERIB_INTB178
                0x00000000ffc005de        0x9 ./generate/inthandler.o
                0x00000000ffc005de                INT_Excep_PERIB_INTB178
 .text.INT_Excep_PERIB_INTB179
                0x00000000ffc005e7        0x9 ./generate/inthandler.o
                0x00000000ffc005e7                INT_Excep_PERIB_INTB179
 .text.INT_Excep_PERIB_INTB180
                0x00000000ffc005f0        0x9 ./generate/inthandler.o
                0x00000000ffc005f0                INT_Excep_PERIB_INTB180
 .text.INT_Excep_PERIB_INTB181
                0x00000000ffc005f9        0x9 ./generate/inthandler.o
                0x00000000ffc005f9                INT_Excep_PERIB_INTB181
 .text.INT_Excep_PERIB_INTB182
                0x00000000ffc00602        0x9 ./generate/inthandler.o
                0x00000000ffc00602                INT_Excep_PERIB_INTB182
 .text.INT_Excep_PERIB_INTB183
                0x00000000ffc0060b        0x9 ./generate/inthandler.o
                0x00000000ffc0060b                INT_Excep_PERIB_INTB183
 .text.INT_Excep_PERIB_INTB184
                0x00000000ffc00614        0x9 ./generate/inthandler.o
                0x00000000ffc00614                INT_Excep_PERIB_INTB184
 .text.INT_Excep_PERIB_INTB185
                0x00000000ffc0061d        0x9 ./generate/inthandler.o
                0x00000000ffc0061d                INT_Excep_PERIB_INTB185
 .text.INT_Excep_PERIB_INTB186
                0x00000000ffc00626        0x9 ./generate/inthandler.o
                0x00000000ffc00626                INT_Excep_PERIB_INTB186
 .text.INT_Excep_PERIB_INTB187
                0x00000000ffc0062f        0x9 ./generate/inthandler.o
                0x00000000ffc0062f                INT_Excep_PERIB_INTB187
 .text.INT_Excep_PERIB_INTB188
                0x00000000ffc00638        0x9 ./generate/inthandler.o
                0x00000000ffc00638                INT_Excep_PERIB_INTB188
 .text.INT_Excep_PERIB_INTB189
                0x00000000ffc00641        0x9 ./generate/inthandler.o
                0x00000000ffc00641                INT_Excep_PERIB_INTB189
 .text.INT_Excep_PERIB_INTB190
                0x00000000ffc0064a        0x9 ./generate/inthandler.o
                0x00000000ffc0064a                INT_Excep_PERIB_INTB190
 .text.INT_Excep_PERIB_INTB191
                0x00000000ffc00653        0x9 ./generate/inthandler.o
                0x00000000ffc00653                INT_Excep_PERIB_INTB191
 .text.INT_Excep_PERIB_INTB192
                0x00000000ffc0065c        0x9 ./generate/inthandler.o
                0x00000000ffc0065c                INT_Excep_PERIB_INTB192
 .text.INT_Excep_PERIB_INTB193
                0x00000000ffc00665        0x9 ./generate/inthandler.o
                0x00000000ffc00665                INT_Excep_PERIB_INTB193
 .text.INT_Excep_PERIB_INTB194
                0x00000000ffc0066e        0x9 ./generate/inthandler.o
                0x00000000ffc0066e                INT_Excep_PERIB_INTB194
 .text.INT_Excep_PERIB_INTB195
                0x00000000ffc00677        0x9 ./generate/inthandler.o
                0x00000000ffc00677                INT_Excep_PERIB_INTB195
 .text.INT_Excep_PERIB_INTB196
                0x00000000ffc00680        0x9 ./generate/inthandler.o
                0x00000000ffc00680                INT_Excep_PERIB_INTB196
 .text.INT_Excep_PERIB_INTB197
                0x00000000ffc00689        0x9 ./generate/inthandler.o
                0x00000000ffc00689                INT_Excep_PERIB_INTB197
 .text.INT_Excep_PERIB_INTB198
                0x00000000ffc00692        0x9 ./generate/inthandler.o
                0x00000000ffc00692                INT_Excep_PERIB_INTB198
 .text.INT_Excep_PERIB_INTB199
                0x00000000ffc0069b        0x9 ./generate/inthandler.o
                0x00000000ffc0069b                INT_Excep_PERIB_INTB199
 .text.INT_Excep_PERIB_INTB200
                0x00000000ffc006a4        0x9 ./generate/inthandler.o
                0x00000000ffc006a4                INT_Excep_PERIB_INTB200
 .text.INT_Excep_PERIB_INTB201
                0x00000000ffc006ad        0x9 ./generate/inthandler.o
                0x00000000ffc006ad                INT_Excep_PERIB_INTB201
 .text.INT_Excep_PERIB_INTB202
                0x00000000ffc006b6        0x9 ./generate/inthandler.o
                0x00000000ffc006b6                INT_Excep_PERIB_INTB202
 .text.INT_Excep_PERIB_INTB203
                0x00000000ffc006bf        0x9 ./generate/inthandler.o
                0x00000000ffc006bf                INT_Excep_PERIB_INTB203
 .text.INT_Excep_PERIB_INTB204
                0x00000000ffc006c8        0x9 ./generate/inthandler.o
                0x00000000ffc006c8                INT_Excep_PERIB_INTB204
 .text.INT_Excep_PERIB_INTB205
                0x00000000ffc006d1        0x9 ./generate/inthandler.o
                0x00000000ffc006d1                INT_Excep_PERIB_INTB205
 .text.INT_Excep_PERIB_INTB206
                0x00000000ffc006da        0x9 ./generate/inthandler.o
                0x00000000ffc006da                INT_Excep_PERIB_INTB206
 .text.INT_Excep_PERIB_INTB207
                0x00000000ffc006e3        0x9 ./generate/inthandler.o
                0x00000000ffc006e3                INT_Excep_PERIB_INTB207
 .text.INT_Excep_PERIA_INTA208
                0x00000000ffc006ec        0x9 ./generate/inthandler.o
                0x00000000ffc006ec                INT_Excep_PERIA_INTA208
 .text.INT_Excep_PERIA_INTA209
                0x00000000ffc006f5        0x9 ./generate/inthandler.o
                0x00000000ffc006f5                INT_Excep_PERIA_INTA209
 .text.INT_Excep_PERIA_INTA210
                0x00000000ffc006fe        0x9 ./generate/inthandler.o
                0x00000000ffc006fe                INT_Excep_PERIA_INTA210
 .text.INT_Excep_PERIA_INTA211
                0x00000000ffc00707        0x9 ./generate/inthandler.o
                0x00000000ffc00707                INT_Excep_PERIA_INTA211
 .text.INT_Excep_PERIA_INTA212
                0x00000000ffc00710        0x9 ./generate/inthandler.o
                0x00000000ffc00710                INT_Excep_PERIA_INTA212
 .text.INT_Excep_PERIA_INTA213
                0x00000000ffc00719        0x9 ./generate/inthandler.o
                0x00000000ffc00719                INT_Excep_PERIA_INTA213
 .text.INT_Excep_PERIA_INTA214
                0x00000000ffc00722        0x9 ./generate/inthandler.o
                0x00000000ffc00722                INT_Excep_PERIA_INTA214
 .text.INT_Excep_PERIA_INTA215
                0x00000000ffc0072b        0x9 ./generate/inthandler.o
                0x00000000ffc0072b                INT_Excep_PERIA_INTA215
 .text.INT_Excep_PERIA_INTA216
                0x00000000ffc00734        0x9 ./generate/inthandler.o
                0x00000000ffc00734                INT_Excep_PERIA_INTA216
 .text.INT_Excep_PERIA_INTA217
                0x00000000ffc0073d        0x9 ./generate/inthandler.o
                0x00000000ffc0073d                INT_Excep_PERIA_INTA217
 .text.INT_Excep_PERIA_INTA218
                0x00000000ffc00746        0x9 ./generate/inthandler.o
                0x00000000ffc00746                INT_Excep_PERIA_INTA218
 .text.INT_Excep_PERIA_INTA219
                0x00000000ffc0074f        0x9 ./generate/inthandler.o
                0x00000000ffc0074f                INT_Excep_PERIA_INTA219
 .text.INT_Excep_PERIA_INTA220
                0x00000000ffc00758        0x9 ./generate/inthandler.o
                0x00000000ffc00758                INT_Excep_PERIA_INTA220
 .text.INT_Excep_PERIA_INTA221
                0x00000000ffc00761        0x9 ./generate/inthandler.o
                0x00000000ffc00761                INT_Excep_PERIA_INTA221
 .text.INT_Excep_PERIA_INTA222
                0x00000000ffc0076a        0x9 ./generate/inthandler.o
                0x00000000ffc0076a                INT_Excep_PERIA_INTA222
 .text.INT_Excep_PERIA_INTA223
                0x00000000ffc00773        0x9 ./generate/inthandler.o
                0x00000000ffc00773                INT_Excep_PERIA_INTA223
 .text.INT_Excep_PERIA_INTA224
                0x00000000ffc0077c        0x9 ./generate/inthandler.o
                0x00000000ffc0077c                INT_Excep_PERIA_INTA224
 .text.INT_Excep_PERIA_INTA225
                0x00000000ffc00785        0x9 ./generate/inthandler.o
                0x00000000ffc00785                INT_Excep_PERIA_INTA225
 .text.INT_Excep_PERIA_INTA226
                0x00000000ffc0078e        0x9 ./generate/inthandler.o
                0x00000000ffc0078e                INT_Excep_PERIA_INTA226
 .text.INT_Excep_PERIA_INTA227
                0x00000000ffc00797        0x9 ./generate/inthandler.o
                0x00000000ffc00797                INT_Excep_PERIA_INTA227
 .text.INT_Excep_PERIA_INTA228
                0x00000000ffc007a0        0x9 ./generate/inthandler.o
                0x00000000ffc007a0                INT_Excep_PERIA_INTA228
 .text.INT_Excep_PERIA_INTA229
                0x00000000ffc007a9        0x9 ./generate/inthandler.o
                0x00000000ffc007a9                INT_Excep_PERIA_INTA229
 .text.INT_Excep_PERIA_INTA230
                0x00000000ffc007b2        0x9 ./generate/inthandler.o
                0x00000000ffc007b2                INT_Excep_PERIA_INTA230
 .text.INT_Excep_PERIA_INTA231
                0x00000000ffc007bb        0x9 ./generate/inthandler.o
                0x00000000ffc007bb                INT_Excep_PERIA_INTA231
 .text.INT_Excep_PERIA_INTA232
                0x00000000ffc007c4        0x9 ./generate/inthandler.o
                0x00000000ffc007c4                INT_Excep_PERIA_INTA232
 .text.INT_Excep_PERIA_INTA233
                0x00000000ffc007cd        0x9 ./generate/inthandler.o
                0x00000000ffc007cd                INT_Excep_PERIA_INTA233
 .text.INT_Excep_PERIA_INTA234
                0x00000000ffc007d6        0x9 ./generate/inthandler.o
                0x00000000ffc007d6                INT_Excep_PERIA_INTA234
 .text.INT_Excep_PERIA_INTA235
                0x00000000ffc007df        0x9 ./generate/inthandler.o
                0x00000000ffc007df                INT_Excep_PERIA_INTA235
 .text.INT_Excep_PERIA_INTA236
                0x00000000ffc007e8        0x9 ./generate/inthandler.o
                0x00000000ffc007e8                INT_Excep_PERIA_INTA236
 .text.INT_Excep_PERIA_INTA237
                0x00000000ffc007f1        0x9 ./generate/inthandler.o
                0x00000000ffc007f1                INT_Excep_PERIA_INTA237
 .text.INT_Excep_PERIA_INTA238
                0x00000000ffc007fa        0x9 ./generate/inthandler.o
                0x00000000ffc007fa                INT_Excep_PERIA_INTA238
 .text.INT_Excep_PERIA_INTA239
                0x00000000ffc00803        0x9 ./generate/inthandler.o
                0x00000000ffc00803                INT_Excep_PERIA_INTA239
 .text.INT_Excep_PERIA_INTA240
                0x00000000ffc0080c        0x9 ./generate/inthandler.o
                0x00000000ffc0080c                INT_Excep_PERIA_INTA240
 .text.INT_Excep_PERIA_INTA241
                0x00000000ffc00815        0x9 ./generate/inthandler.o
                0x00000000ffc00815                INT_Excep_PERIA_INTA241
 .text.INT_Excep_PERIA_INTA242
                0x00000000ffc0081e        0x9 ./generate/inthandler.o
                0x00000000ffc0081e                INT_Excep_PERIA_INTA242
 .text.INT_Excep_PERIA_INTA243
                0x00000000ffc00827        0x9 ./generate/inthandler.o
                0x00000000ffc00827                INT_Excep_PERIA_INTA243
 .text.INT_Excep_PERIA_INTA244
                0x00000000ffc00830        0x9 ./generate/inthandler.o
                0x00000000ffc00830                INT_Excep_PERIA_INTA244
 .text.INT_Excep_PERIA_INTA245
                0x00000000ffc00839        0x9 ./generate/inthandler.o
                0x00000000ffc00839                INT_Excep_PERIA_INTA245
 .text.INT_Excep_PERIA_INTA246
                0x00000000ffc00842        0x9 ./generate/inthandler.o
                0x00000000ffc00842                INT_Excep_PERIA_INTA246
 .text.INT_Excep_PERIA_INTA247
                0x00000000ffc0084b        0x9 ./generate/inthandler.o
                0x00000000ffc0084b                INT_Excep_PERIA_INTA247
 .text.INT_Excep_PERIA_INTA248
                0x00000000ffc00854        0x9 ./generate/inthandler.o
                0x00000000ffc00854                INT_Excep_PERIA_INTA248
 .text.INT_Excep_PERIA_INTA249
                0x00000000ffc0085d        0x9 ./generate/inthandler.o
                0x00000000ffc0085d                INT_Excep_PERIA_INTA249
 .text.INT_Excep_PERIA_INTA250
                0x00000000ffc00866        0x9 ./generate/inthandler.o
                0x00000000ffc00866                INT_Excep_PERIA_INTA250
 .text.INT_Excep_PERIA_INTA251
                0x00000000ffc0086f        0x9 ./generate/inthandler.o
                0x00000000ffc0086f                INT_Excep_PERIA_INTA251
 .text.INT_Excep_PERIA_INTA252
                0x00000000ffc00878        0x9 ./generate/inthandler.o
                0x00000000ffc00878                INT_Excep_PERIA_INTA252
 .text.INT_Excep_PERIA_INTA253
                0x00000000ffc00881        0x9 ./generate/inthandler.o
                0x00000000ffc00881                INT_Excep_PERIA_INTA253
 .text.INT_Excep_PERIA_INTA254
                0x00000000ffc0088a        0x9 ./generate/inthandler.o
                0x00000000ffc0088a                INT_Excep_PERIA_INTA254
 .text.INT_Excep_PERIA_INTA255
                0x00000000ffc00893        0x9 ./generate/inthandler.o
                0x00000000ffc00893                INT_Excep_PERIA_INTA255
 .text.__call_exitprocs
                0x00000000ffc0089c       0x85 c:/programdata/gcc for renesas rx 8.3.0.202202-gnurx-elf/rx-elf/rx-elf/bin/../lib/gcc/rx-elf/8.3.0.202202-GNURX/../../../../rx-elf/lib/rxv2\libc.a(lib_a-__call_atexit.o)
                0x00000000ffc0089c                __call_exitprocs
 *(P)
 P              0x00000000ffc00921        0x0 ./src/KAEDE_GCC.o
 P              0x00000000ffc00921        0x0 ./generate/hwinit.o
 P              0x00000000ffc00921        0x0 ./generate/inthandler.o
 P              0x00000000ffc00921        0x0 ./generate/start.o
 P              0x00000000ffc00921        0x0 ./generate/vects.o
 P              0x00000000ffc00921        0x0 c:/programdata/gcc for renesas rx 8.3.0.202202-gnurx-elf/rx-elf/rx-elf/bin/../lib/gcc/rx-elf/8.3.0.202202-GNURX/../../../../rx-elf/lib/rxv2\libc.a(lib_a-__call_atexit.o)
 P              0x00000000ffc00921        0x0 c:/programdata/gcc for renesas rx 8.3.0.202202-gnurx-elf/rx-elf/rx-elf/bin/../lib/gcc/rx-elf/8.3.0.202202-GNURX/../../../../rx-elf/lib/rxv2\libc.a(lib_a-impure.o)
                0x00000000ffc00921                etext = .

.rvectors       0x00000000ffc00924      0x400
                0x00000000ffc00924                _rvectors_start = .
 *(.rvectors)
 .rvectors      0x00000000ffc00924      0x400 ./generate/vects.o
                0x00000000ffc00924                RelocatableVectors
                0x00000000ffc00d24                _rvectors_end = .

.init           0x00000000ffc00d24        0x0
 *(.init)
                0x00000000ffc00d24                __preinit_array_start = .
 *(.preinit_array)
                0x00000000ffc00d24                __preinit_array_end = .
                0x00000000ffc00d24                __init_array_start = ((. + 0x3) & 0xfffffffffffffffc)
 *(.init_array)
 *(SORT_BY_NAME(.init_array.*))
                0x00000000ffc00d24                __init_array_end = .
                0x00000000ffc00d24                __fini_array_start = .
 *(.fini_array)
 *(SORT_BY_NAME(.fini_array.*))
                0x00000000ffc00d24                __fini_array_end = .

.fini
 *(.fini)

.got
 *(.got)
 *(.got.plt)

.rodata         0x00000000ffc00d24        0x4
 *(.rodata)
 *(.rodata.*)
 .rodata._global_impure_ptr
                0x00000000ffc00d24        0x4 c:/programdata/gcc for renesas rx 8.3.0.202202-gnurx-elf/rx-elf/rx-elf/bin/../lib/gcc/rx-elf/8.3.0.202202-GNURX/../../../../rx-elf/lib/rxv2\libc.a(lib_a-impure.o)
                0x00000000ffc00d24                _global_impure_ptr
 *(C_1)
 *(C_2)
 *(C)
                0x00000000ffc00d28                _erodata = .

.eh_frame_hdr
 *(.eh_frame_hdr)

.eh_frame
 *(.eh_frame)

.jcr
 *(.jcr)

.tors           0x00000000ffc00d28        0x0
                0x00000000ffc00d28                __CTOR_LIST__ = .
                0x00000000ffc00d28                . = ALIGN (0x2)
                0x00000000ffc00d28                ___ctors = .
 *(.ctors)
                0x00000000ffc00d28                ___ctors_end = .
                0x00000000ffc00d28                __CTOR_END__ = .
                0x00000000ffc00d28                __DTOR_LIST__ = .
                0x00000000ffc00d28                ___dtors = .
 *(.dtors)
                0x00000000ffc00d28                ___dtors_end = .
                0x00000000ffc00d28                __DTOR_END__ = .
                0x00000000ffc00d28                . = ALIGN (0x2)
                0x00000000ffc00d28                _mdata = .

.ustack         0x0000000000000200        0x0
                0x0000000000000200                _ustack = .

.istack         0x0000000000000100        0x0
                0x0000000000000100                _istack = .

.data           0x0000000000000204      0x428 load address 0x00000000ffc00d28
                0x0000000000000204                _data = .
 *(.data)
 *(.data.*)
 .data._impure_ptr
                0x0000000000000204        0x4 c:/programdata/gcc for renesas rx 8.3.0.202202-gnurx-elf/rx-elf/rx-elf/bin/../lib/gcc/rx-elf/8.3.0.202202-GNURX/../../../../rx-elf/lib/rxv2\libc.a(lib_a-impure.o)
                0x0000000000000204                _impure_ptr
 .data.impure_data
                0x0000000000000208      0x424 c:/programdata/gcc for renesas rx 8.3.0.202202-gnurx-elf/rx-elf/rx-elf/bin/../lib/gcc/rx-elf/8.3.0.202202-GNURX/../../../../rx-elf/lib/rxv2\libc.a(lib_a-impure.o)
 *(D)
 *(D_1)
 D_1            0x000000000000062c        0x0 ./src/KAEDE_GCC.o
 D_1            0x000000000000062c        0x0 ./generate/hwinit.o
 D_1            0x000000000000062c        0x0 ./generate/inthandler.o
 D_1            0x000000000000062c        0x0 ./generate/start.o
 D_1            0x000000000000062c        0x0 ./generate/vects.o
 D_1            0x000000000000062c        0x0 c:/programdata/gcc for renesas rx 8.3.0.202202-gnurx-elf/rx-elf/rx-elf/bin/../lib/gcc/rx-elf/8.3.0.202202-GNURX/../../../../rx-elf/lib/rxv2\libc.a(lib_a-__call_atexit.o)
 D_1            0x000000000000062c        0x0 c:/programdata/gcc for renesas rx 8.3.0.202202-gnurx-elf/rx-elf/rx-elf/bin/../lib/gcc/rx-elf/8.3.0.202202-GNURX/../../../../rx-elf/lib/rxv2\libc.a(lib_a-impure.o)
 *(D_2)
                0x000000000000062c                _edata = .

.gcc_exc
 *(.gcc_exc)

.bss            0x000000000000062c        0x0 load address 0x00000000ffc01150
                0x000000000000062c                _bss = .
 *(.bss)
 *(.bss.**)
 *(COMMON)
 *(B)
 *(B_1)
 B_1            0x000000000000062c        0x0 ./src/KAEDE_GCC.o
 B_1            0x000000000000062c        0x0 ./generate/hwinit.o
 B_1            0x000000000000062c        0x0 ./generate/inthandler.o
 B_1            0x000000000000062c        0x0 ./generate/start.o
 B_1            0x000000000000062c        0x0 ./generate/vects.o
 B_1            0x000000000000062c        0x0 c:/programdata/gcc for renesas rx 8.3.0.202202-gnurx-elf/rx-elf/rx-elf/bin/../lib/gcc/rx-elf/8.3.0.202202-GNURX/../../../../rx-elf/lib/rxv2\libc.a(lib_a-__call_atexit.o)
 B_1            0x000000000000062c        0x0 c:/programdata/gcc for renesas rx 8.3.0.202202-gnurx-elf/rx-elf/rx-elf/bin/../lib/gcc/rx-elf/8.3.0.202202-GNURX/../../../../rx-elf/lib/rxv2\libc.a(lib_a-impure.o)
 *(B_2)
                0x000000000000062c                _ebss = .
                0x000000000000062c                _end = .

.ofs1           0x0000000000120040        0x4
 *(.ofs1)
 .ofs1          0x0000000000120040        0x4 ./generate/vects.o
                0x0000000000120040                __SPCCreg

.ofs2           0x0000000000120048        0x4
 *(.ofs2)
 .ofs2          0x0000000000120048        0x4 ./generate/vects.o
                0x0000000000120048                __TMEFreg

.ofs3           0x0000000000120050       0x10
 *(.ofs3)
 .ofs3          0x0000000000120050       0x10 ./generate/vects.o
                0x0000000000120050                __OSISreg

.ofs4           0x0000000000120060       0x10
 *(.ofs4)
 .ofs4          0x0000000000120060       0x10 ./generate/vects.o
                0x0000000000120060                __TMINFreg
                0x0000000000120064                __MDEreg
                0x0000000000120068                __OFS0reg
                0x000000000012006c                __OFS1reg
OUTPUT(KAEDE_GCC.elf elf32-rx-le)

.debug_frame    0x0000000000000000     0x1cfc
 .debug_frame   0x0000000000000000       0x34 ./src/KAEDE_GCC.o
 .debug_frame   0x0000000000000034       0x34 ./generate/hwinit.o
 .debug_frame   0x0000000000000068     0x1c94 ./generate/inthandler.o

.debug_info     0x0000000000000000     0x1303
 .debug_info    0x0000000000000000       0x66 ./src/KAEDE_GCC.o
 .debug_info    0x0000000000000066       0x5b ./generate/hwinit.o
 .debug_info    0x00000000000000c1     0x10cf ./generate/inthandler.o
 .debug_info    0x0000000000001190       0x26 ./generate/start.o
 .debug_info    0x00000000000011b6      0x14d ./generate/vects.o

.debug_abbrev   0x0000000000000000      0x159
 .debug_abbrev  0x0000000000000000       0x46 ./src/KAEDE_GCC.o
 .debug_abbrev  0x0000000000000046       0x39 ./generate/hwinit.o
 .debug_abbrev  0x000000000000007f       0x48 ./generate/inthandler.o
 .debug_abbrev  0x00000000000000c7       0x14 ./generate/start.o
 .debug_abbrev  0x00000000000000db       0x7e ./generate/vects.o

.debug_aranges  0x0000000000000000      0x7b0
 .debug_aranges
                0x0000000000000000       0x20 ./src/KAEDE_GCC.o
 .debug_aranges
                0x0000000000000020       0x20 ./generate/hwinit.o
 .debug_aranges
                0x0000000000000040      0x738 ./generate/inthandler.o
 .debug_aranges
                0x0000000000000778       0x20 ./generate/start.o
 .debug_aranges
                0x0000000000000798       0x18 ./generate/vects.o

.debug_ranges   0x0000000000000000      0x748
 .debug_ranges  0x0000000000000000       0x10 ./src/KAEDE_GCC.o
 .debug_ranges  0x0000000000000010       0x10 ./generate/hwinit.o
 .debug_ranges  0x0000000000000020      0x728 ./generate/inthandler.o

.debug_line     0x0000000000000000     0x1418
 .debug_line    0x0000000000000000       0x4b ./src/KAEDE_GCC.o
 .debug_line    0x000000000000004b       0x49 ./generate/hwinit.o
 .debug_line    0x0000000000000094     0x12e2 ./generate/inthandler.o
 .debug_line    0x0000000000001376       0x6e ./generate/start.o
 .debug_line    0x00000000000013e4       0x34 ./generate/vects.o

.debug_str      0x0000000000000000     0x163d
 .debug_str     0x0000000000000000      0x123 ./src/KAEDE_GCC.o
                                        0x135 (size before relaxing)
 .debug_str     0x0000000000000123       0x23 ./generate/hwinit.o
                                        0x140 (size before relaxing)
 .debug_str     0x0000000000000146     0x144a ./generate/inthandler.o
                                       0x1522 (size before relaxing)
 .debug_str     0x0000000000001590       0x22 ./generate/start.o
                                         0x61 (size before relaxing)
 .debug_str     0x00000000000015b2       0x8b ./generate/vects.o
                                        0x175 (size before relaxing)

.comment        0x0000000000000000       0x6c
 .comment       0x0000000000000000       0x36 ./src/KAEDE_GCC.o
                                         0x37 (size before relaxing)
 .comment       0x0000000000000036       0x37 ./generate/hwinit.o
 .comment       0x0000000000000036       0x37 ./generate/inthandler.o
 .comment       0x0000000000000036       0x37 ./generate/vects.o
 .comment       0x0000000000000036       0x36 c:/programdata/gcc for renesas rx 8.3.0.202202-gnurx-elf/rx-elf/rx-elf/bin/../lib/gcc/rx-elf/8.3.0.202202-GNURX/../../../../rx-elf/lib/rxv2\libc.a(lib_a-__call_atexit.o)
                                         0x37 (size before relaxing)
 .comment       0x000000000000006c       0x37 c:/programdata/gcc for renesas rx 8.3.0.202202-gnurx-elf/rx-elf/rx-elf/bin/../lib/gcc/rx-elf/8.3.0.202202-GNURX/../../../../rx-elf/lib/rxv2\libc.a(lib_a-impure.o)
