Archive member included to satisfy reference by file (symbol)

c:/programdata/gcc for renesas rx 8.3.0.202202-gnurx-elf/rx-elf/rx-elf/bin/../lib/gcc/rx-elf/8.3.0.202202-GNURX/../../../../rx-elf/lib/rxv2\libc.a(lib_a-__call_atexit.o)
                              ./generate/start.o (__call_exitprocs)
c:/programdata/gcc for renesas rx 8.3.0.202202-gnurx-elf/rx-elf/rx-elf/bin/../lib/gcc/rx-elf/8.3.0.202202-GNURX/../../../../rx-elf/lib/rxv2\libc.a(lib_a-impure.o)
                              c:/programdata/gcc for renesas rx 8.3.0.202202-gnurx-elf/rx-elf/rx-elf/bin/../lib/gcc/rx-elf/8.3.0.202202-GNURX/../../../../rx-elf/lib/rxv2\libc.a(lib_a-__call_atexit.o) (_global_impure_ptr)

Allocating common symbols
Common symbol       size              file

sci7_tx_count       0x2               ./src/peripheral/SCI7.o
sci7_rx_count       0x2               ./src/peripheral/SCI7.o
sci7_rx_address     0x4               ./src/peripheral/SCI7.o
sci7_tx_address     0x4               ./src/peripheral/SCI7.o
sci7_rx_length      0x2               ./src/peripheral/SCI7.o

Memory Configuration

Name             Origin             Length             Attributes
RAM              0x0000000000000000 0x0000000000080000
ROM              0x00000000ffc00000 0x0000000000400000
OFS              0x0000000000120000 0x0000000000000100
*default*        0x0000000000000000 0xffffffffffffffff

Linker script and memory map

LOAD ./src/peripheral/CMT.o
LOAD ./src/peripheral/GPIO.o
LOAD ./src/peripheral/SCI7.o
LOAD ./src/main.o
LOAD ./generate/hwinit.o
LOAD ./generate/inthandler.o
LOAD ./generate/start.o
LOAD ./generate/vects.o
START GROUP
LOAD c:/programdata/gcc for renesas rx 8.3.0.202202-gnurx-elf/rx-elf/rx-elf/bin/../lib/gcc/rx-elf/8.3.0.202202-GNURX/../../../../rx-elf/lib/rxv2\libm.a
LOAD c:/programdata/gcc for renesas rx 8.3.0.202202-gnurx-elf/rx-elf/rx-elf/bin/../lib/gcc/rx-elf/8.3.0.202202-GNURX/../../../../rx-elf/lib/rxv2\libc.a
LOAD c:/programdata/gcc for renesas rx 8.3.0.202202-gnurx-elf/rx-elf/rx-elf/bin/../lib/gcc/rx-elf/8.3.0.202202-GNURX/rxv2\libgcc.a
END GROUP
LOAD c:/programdata/gcc for renesas rx 8.3.0.202202-gnurx-elf/rx-elf/rx-elf/bin/../lib/gcc/rx-elf/8.3.0.202202-GNURX/rxv2\libgcc.a
START GROUP
LOAD c:/programdata/gcc for renesas rx 8.3.0.202202-gnurx-elf/rx-elf/rx-elf/bin/../lib/gcc/rx-elf/8.3.0.202202-GNURX/../../../../rx-elf/lib/rxv2\libc.a
LOAD c:/programdata/gcc for renesas rx 8.3.0.202202-gnurx-elf/rx-elf/rx-elf/bin/../lib/gcc/rx-elf/8.3.0.202202-GNURX/../../../../rx-elf/lib/rxv2\libnosys.a
END GROUP
LOAD c:/programdata/gcc for renesas rx 8.3.0.202202-gnurx-elf/rx-elf/rx-elf/bin/../lib/gcc/rx-elf/8.3.0.202202-GNURX/rxv2\libgcc.a

.exvectors      0x00000000ffffff80       0x7c
 *(.exvectors)
 .exvectors     0x00000000ffffff80       0x7c ./generate/vects.o
                0x00000000ffffff80                ExceptVectors

.fvectors       0x00000000fffffffc        0x4
 *(.fvectors)
 .fvectors      0x00000000fffffffc        0x4 ./generate/vects.o
                0x00000000fffffffc                HardwareVectors

.text           0x00000000ffc00000      0xf22
 *(.text)
 .text          0x00000000ffc00000       0x8a ./generate/start.o
                0x00000000ffc00000                PowerON_Reset
                0x00000000ffc0007d                _rx_fini
 *(.text.*)
 .text.init_CMT0
                0x00000000ffc0008a       0x32 ./src/peripheral/CMT.o
                0x00000000ffc0008a                init_CMT0
 .text.ms_wait  0x00000000ffc000bc       0x50 ./src/peripheral/CMT.o
                0x00000000ffc000bc                ms_wait
 .text.led_create
                0x00000000ffc0010c       0x9c ./src/peripheral/GPIO.o
                0x00000000ffc0010c                led_create
 .text.led_stop
                0x00000000ffc001a8       0x3c ./src/peripheral/GPIO.o
                0x00000000ffc001a8                led_stop
 .text.led_on   0x00000000ffc001e4       0x62 ./src/peripheral/GPIO.o
                0x00000000ffc001e4                led_on
 .text.led_off  0x00000000ffc00246       0x62 ./src/peripheral/GPIO.o
                0x00000000ffc00246                led_off
 .text.SCI7_Serial_Send
                0x00000000ffc002a8       0x83 ./src/peripheral/SCI7.o
                0x00000000ffc002a8                SCI7_Serial_Send
 .text.INT_Excep_SCI7_TXI7
                0x00000000ffc0032b       0x6b ./src/peripheral/SCI7.o
                0x00000000ffc0032b                INT_Excep_SCI7_TXI7
 .text.Excep_TEI7
                0x00000000ffc00396       0x3c ./src/peripheral/SCI7.o
                0x00000000ffc00396                Excep_TEI7
 .text.INT_Excep_ICU_GROUPBL0
                0x00000000ffc003d2       0x1f ./src/peripheral/SCI7.o
                0x00000000ffc003d2                INT_Excep_ICU_GROUPBL0
 .text.INT_Excep_SCI7_RXI7
                0x00000000ffc003f1        0x9 ./src/peripheral/SCI7.o
                0x00000000ffc003f1                INT_Excep_SCI7_RXI7
 .text.main     0x00000000ffc003fa      0x2b2 ./src/main.o
                0x00000000ffc003fa                main
 .text.HardwareSetup
                0x00000000ffc006ac        0x8 ./generate/hwinit.o
                0x00000000ffc006ac                HardwareSetup
 .text.INT_Excep_SuperVisorInst
                0x00000000ffc006b4        0x9 ./generate/inthandler.o
                0x00000000ffc006b4                INT_Excep_SuperVisorInst
 .text.INT_Excep_AccessInst
                0x00000000ffc006bd        0x9 ./generate/inthandler.o
                0x00000000ffc006bd                INT_Excep_AccessInst
 .text.INT_Excep_UndefinedInst
                0x00000000ffc006c6        0x9 ./generate/inthandler.o
                0x00000000ffc006c6                INT_Excep_UndefinedInst
 .text.INT_Excep_FloatingPoint
                0x00000000ffc006cf        0x9 ./generate/inthandler.o
                0x00000000ffc006cf                INT_Excep_FloatingPoint
 .text.INT_NonMaskableInterrupt
                0x00000000ffc006d8        0x9 ./generate/inthandler.o
                0x00000000ffc006d8                INT_NonMaskableInterrupt
 .text.Dummy    0x00000000ffc006e1        0x9 ./generate/inthandler.o
                0x00000000ffc006e1                Dummy
 .text.INT_Excep_BRK
                0x00000000ffc006ea        0x9 ./generate/inthandler.o
                0x00000000ffc006ea                INT_Excep_BRK
 .text.INT_Excep_BSC_BUSERR
                0x00000000ffc006f3        0x9 ./generate/inthandler.o
                0x00000000ffc006f3                INT_Excep_BSC_BUSERR
 .text.INT_Excep_RAM_RAMERR
                0x00000000ffc006fc        0x9 ./generate/inthandler.o
                0x00000000ffc006fc                INT_Excep_RAM_RAMERR
 .text.INT_Excep_FCU_FIFERR
                0x00000000ffc00705        0x9 ./generate/inthandler.o
                0x00000000ffc00705                INT_Excep_FCU_FIFERR
 .text.INT_Excep_FCU_FRDYI
                0x00000000ffc0070e        0x9 ./generate/inthandler.o
                0x00000000ffc0070e                INT_Excep_FCU_FRDYI
 .text.INT_Excep_ICU_SWINT2
                0x00000000ffc00717        0x9 ./generate/inthandler.o
                0x00000000ffc00717                INT_Excep_ICU_SWINT2
 .text.INT_Excep_ICU_SWINT
                0x00000000ffc00720        0x9 ./generate/inthandler.o
                0x00000000ffc00720                INT_Excep_ICU_SWINT
 .text.INT_Excep_CMT0_CMI0
                0x00000000ffc00729        0x9 ./generate/inthandler.o
                0x00000000ffc00729                INT_Excep_CMT0_CMI0
 .text.INT_Excep_CMT1_CMI1
                0x00000000ffc00732        0x9 ./generate/inthandler.o
                0x00000000ffc00732                INT_Excep_CMT1_CMI1
 .text.INT_Excep_CMTW0_CMWI0
                0x00000000ffc0073b        0x9 ./generate/inthandler.o
                0x00000000ffc0073b                INT_Excep_CMTW0_CMWI0
 .text.INT_Excep_CMTW1_CMWI1
                0x00000000ffc00744        0x9 ./generate/inthandler.o
                0x00000000ffc00744                INT_Excep_CMTW1_CMWI1
 .text.INT_Excep_USBA_D0FIFO2
                0x00000000ffc0074d        0x9 ./generate/inthandler.o
                0x00000000ffc0074d                INT_Excep_USBA_D0FIFO2
 .text.INT_Excep_USBA_D1FIFO2
                0x00000000ffc00756        0x9 ./generate/inthandler.o
                0x00000000ffc00756                INT_Excep_USBA_D1FIFO2
 .text.INT_Excep_USB0_D0FIFO0
                0x00000000ffc0075f        0x9 ./generate/inthandler.o
                0x00000000ffc0075f                INT_Excep_USB0_D0FIFO0
 .text.INT_Excep_USB0_D1FIFO0
                0x00000000ffc00768        0x9 ./generate/inthandler.o
                0x00000000ffc00768                INT_Excep_USB0_D1FIFO0
 .text.INT_Excep_RSPI0_SPRI0
                0x00000000ffc00771        0x9 ./generate/inthandler.o
                0x00000000ffc00771                INT_Excep_RSPI0_SPRI0
 .text.INT_Excep_RSPI0_SPTI0
                0x00000000ffc0077a        0x9 ./generate/inthandler.o
                0x00000000ffc0077a                INT_Excep_RSPI0_SPTI0
 .text.INT_Excep_QSPI_SPRI
                0x00000000ffc00783        0x9 ./generate/inthandler.o
                0x00000000ffc00783                INT_Excep_QSPI_SPRI
 .text.INT_Excep_QSPI_SPTI
                0x00000000ffc0078c        0x9 ./generate/inthandler.o
                0x00000000ffc0078c                INT_Excep_QSPI_SPTI
 .text.INT_Excep_SDHI_SBFAI
                0x00000000ffc00795        0x9 ./generate/inthandler.o
                0x00000000ffc00795                INT_Excep_SDHI_SBFAI
 .text.INT_Excep_MMCIF_MBFAI
                0x00000000ffc0079e        0x9 ./generate/inthandler.o
                0x00000000ffc0079e                INT_Excep_MMCIF_MBFAI
 .text.INT_Excep_SSI0_SSITXI0
                0x00000000ffc007a7        0x9 ./generate/inthandler.o
                0x00000000ffc007a7                INT_Excep_SSI0_SSITXI0
 .text.INT_Excep_SSI0_SSIRXI0
                0x00000000ffc007b0        0x9 ./generate/inthandler.o
                0x00000000ffc007b0                INT_Excep_SSI0_SSIRXI0
 .text.INT_Excep_SSI1_SSIRTI1
                0x00000000ffc007b9        0x9 ./generate/inthandler.o
                0x00000000ffc007b9                INT_Excep_SSI1_SSIRTI1
 .text.INT_Excep_SRC_IDEI
                0x00000000ffc007c2        0x9 ./generate/inthandler.o
                0x00000000ffc007c2                INT_Excep_SRC_IDEI
 .text.INT_Excep_SRC_ODFI
                0x00000000ffc007cb        0x9 ./generate/inthandler.o
                0x00000000ffc007cb                INT_Excep_SRC_ODFI
 .text.INT_Excep_RIIC0_RXI0
                0x00000000ffc007d4        0x9 ./generate/inthandler.o
                0x00000000ffc007d4                INT_Excep_RIIC0_RXI0
 .text.INT_Excep_RIIC0_TXI0
                0x00000000ffc007dd        0x9 ./generate/inthandler.o
                0x00000000ffc007dd                INT_Excep_RIIC0_TXI0
 .text.INT_Excep_RIIC2_RXI2
                0x00000000ffc007e6        0x9 ./generate/inthandler.o
                0x00000000ffc007e6                INT_Excep_RIIC2_RXI2
 .text.INT_Excep_RIIC2_TXI2
                0x00000000ffc007ef        0x9 ./generate/inthandler.o
                0x00000000ffc007ef                INT_Excep_RIIC2_TXI2
 .text.INT_Excep_SCI0_RXI0
                0x00000000ffc007f8        0x9 ./generate/inthandler.o
                0x00000000ffc007f8                INT_Excep_SCI0_RXI0
 .text.INT_Excep_SCI0_TXI0
                0x00000000ffc00801        0x9 ./generate/inthandler.o
                0x00000000ffc00801                INT_Excep_SCI0_TXI0
 .text.INT_Excep_SCI1_RXI1
                0x00000000ffc0080a        0x9 ./generate/inthandler.o
                0x00000000ffc0080a                INT_Excep_SCI1_RXI1
 .text.INT_Excep_SCI1_TXI1
                0x00000000ffc00813        0x9 ./generate/inthandler.o
                0x00000000ffc00813                INT_Excep_SCI1_TXI1
 .text.INT_Excep_SCI2_RXI2
                0x00000000ffc0081c        0x9 ./generate/inthandler.o
                0x00000000ffc0081c                INT_Excep_SCI2_RXI2
 .text.INT_Excep_SCI2_TXI2
                0x00000000ffc00825        0x9 ./generate/inthandler.o
                0x00000000ffc00825                INT_Excep_SCI2_TXI2
 .text.INT_Excep_ICU_IRQ0
                0x00000000ffc0082e        0x9 ./generate/inthandler.o
                0x00000000ffc0082e                INT_Excep_ICU_IRQ0
 .text.INT_Excep_ICU_IRQ1
                0x00000000ffc00837        0x9 ./generate/inthandler.o
                0x00000000ffc00837                INT_Excep_ICU_IRQ1
 .text.INT_Excep_ICU_IRQ2
                0x00000000ffc00840        0x9 ./generate/inthandler.o
                0x00000000ffc00840                INT_Excep_ICU_IRQ2
 .text.INT_Excep_ICU_IRQ3
                0x00000000ffc00849        0x9 ./generate/inthandler.o
                0x00000000ffc00849                INT_Excep_ICU_IRQ3
 .text.INT_Excep_ICU_IRQ4
                0x00000000ffc00852        0x9 ./generate/inthandler.o
                0x00000000ffc00852                INT_Excep_ICU_IRQ4
 .text.INT_Excep_ICU_IRQ5
                0x00000000ffc0085b        0x9 ./generate/inthandler.o
                0x00000000ffc0085b                INT_Excep_ICU_IRQ5
 .text.INT_Excep_ICU_IRQ6
                0x00000000ffc00864        0x9 ./generate/inthandler.o
                0x00000000ffc00864                INT_Excep_ICU_IRQ6
 .text.INT_Excep_ICU_IRQ7
                0x00000000ffc0086d        0x9 ./generate/inthandler.o
                0x00000000ffc0086d                INT_Excep_ICU_IRQ7
 .text.INT_Excep_ICU_IRQ8
                0x00000000ffc00876        0x9 ./generate/inthandler.o
                0x00000000ffc00876                INT_Excep_ICU_IRQ8
 .text.INT_Excep_ICU_IRQ9
                0x00000000ffc0087f        0x9 ./generate/inthandler.o
                0x00000000ffc0087f                INT_Excep_ICU_IRQ9
 .text.INT_Excep_ICU_IRQ10
                0x00000000ffc00888        0x9 ./generate/inthandler.o
                0x00000000ffc00888                INT_Excep_ICU_IRQ10
 .text.INT_Excep_ICU_IRQ11
                0x00000000ffc00891        0x9 ./generate/inthandler.o
                0x00000000ffc00891                INT_Excep_ICU_IRQ11
 .text.INT_Excep_ICU_IRQ12
                0x00000000ffc0089a        0x9 ./generate/inthandler.o
                0x00000000ffc0089a                INT_Excep_ICU_IRQ12
 .text.INT_Excep_ICU_IRQ13
                0x00000000ffc008a3        0x9 ./generate/inthandler.o
                0x00000000ffc008a3                INT_Excep_ICU_IRQ13
 .text.INT_Excep_ICU_IRQ14
                0x00000000ffc008ac        0x9 ./generate/inthandler.o
                0x00000000ffc008ac                INT_Excep_ICU_IRQ14
 .text.INT_Excep_ICU_IRQ15
                0x00000000ffc008b5        0x9 ./generate/inthandler.o
                0x00000000ffc008b5                INT_Excep_ICU_IRQ15
 .text.INT_Excep_SCI3_RXI3
                0x00000000ffc008be        0x9 ./generate/inthandler.o
                0x00000000ffc008be                INT_Excep_SCI3_RXI3
 .text.INT_Excep_SCI3_TXI3
                0x00000000ffc008c7        0x9 ./generate/inthandler.o
                0x00000000ffc008c7                INT_Excep_SCI3_TXI3
 .text.INT_Excep_SCI4_RXI4
                0x00000000ffc008d0        0x9 ./generate/inthandler.o
                0x00000000ffc008d0                INT_Excep_SCI4_RXI4
 .text.INT_Excep_SCI4_TXI4
                0x00000000ffc008d9        0x9 ./generate/inthandler.o
                0x00000000ffc008d9                INT_Excep_SCI4_TXI4
 .text.INT_Excep_SCI5_RXI5
                0x00000000ffc008e2        0x9 ./generate/inthandler.o
                0x00000000ffc008e2                INT_Excep_SCI5_RXI5
 .text.INT_Excep_SCI5_TXI5
                0x00000000ffc008eb        0x9 ./generate/inthandler.o
                0x00000000ffc008eb                INT_Excep_SCI5_TXI5
 .text.INT_Excep_SCI6_RXI6
                0x00000000ffc008f4        0x9 ./generate/inthandler.o
                0x00000000ffc008f4                INT_Excep_SCI6_RXI6
 .text.INT_Excep_SCI6_TXI6
                0x00000000ffc008fd        0x9 ./generate/inthandler.o
                0x00000000ffc008fd                INT_Excep_SCI6_TXI6
 .text.INT_Excep_LVD1_LVD1
                0x00000000ffc00906        0x9 ./generate/inthandler.o
                0x00000000ffc00906                INT_Excep_LVD1_LVD1
 .text.INT_Excep_LVD2_LVD2
                0x00000000ffc0090f        0x9 ./generate/inthandler.o
                0x00000000ffc0090f                INT_Excep_LVD2_LVD2
 .text.INT_Excep_USB0_USBR0
                0x00000000ffc00918        0x9 ./generate/inthandler.o
                0x00000000ffc00918                INT_Excep_USB0_USBR0
 .text.INT_Excep_RTC_ALM
                0x00000000ffc00921        0x9 ./generate/inthandler.o
                0x00000000ffc00921                INT_Excep_RTC_ALM
 .text.INT_Excep_RTC_PRD
                0x00000000ffc0092a        0x9 ./generate/inthandler.o
                0x00000000ffc0092a                INT_Excep_RTC_PRD
 .text.INT_Excep_USBA_USBAR
                0x00000000ffc00933        0x9 ./generate/inthandler.o
                0x00000000ffc00933                INT_Excep_USBA_USBAR
 .text.INT_Excep_IWDT_IWUNI
                0x00000000ffc0093c        0x9 ./generate/inthandler.o
                0x00000000ffc0093c                INT_Excep_IWDT_IWUNI
 .text.INT_Excep_WDT_WUNI
                0x00000000ffc00945        0x9 ./generate/inthandler.o
                0x00000000ffc00945                INT_Excep_WDT_WUNI
 .text.INT_Excep_PDC_PCDFI
                0x00000000ffc0094e        0x9 ./generate/inthandler.o
                0x00000000ffc0094e                INT_Excep_PDC_PCDFI
 .text.INT_Excep_SCIFA8_RXIF8
                0x00000000ffc00957        0x9 ./generate/inthandler.o
                0x00000000ffc00957                INT_Excep_SCIFA8_RXIF8
 .text.INT_Excep_SCIFA8_TXIF8
                0x00000000ffc00960        0x9 ./generate/inthandler.o
                0x00000000ffc00960                INT_Excep_SCIFA8_TXIF8
 .text.INT_Excep_SCIFA9_RXIF9
                0x00000000ffc00969        0x9 ./generate/inthandler.o
                0x00000000ffc00969                INT_Excep_SCIFA9_RXIF9
 .text.INT_Excep_SCIFA9_TXIF9
                0x00000000ffc00972        0x9 ./generate/inthandler.o
                0x00000000ffc00972                INT_Excep_SCIFA9_TXIF9
 .text.INT_Excep_SCIFA10_RXIF10
                0x00000000ffc0097b        0x9 ./generate/inthandler.o
                0x00000000ffc0097b                INT_Excep_SCIFA10_RXIF10
 .text.INT_Excep_SCIFA10_TXIF10
                0x00000000ffc00984        0x9 ./generate/inthandler.o
                0x00000000ffc00984                INT_Excep_SCIFA10_TXIF10
 .text.INT_Excep_ICU_GROUPBE0
                0x00000000ffc0098d        0x9 ./generate/inthandler.o
                0x00000000ffc0098d                INT_Excep_ICU_GROUPBE0
 .text.INT_Excep_ICU_GROUPBL1
                0x00000000ffc00996        0x9 ./generate/inthandler.o
                0x00000000ffc00996                INT_Excep_ICU_GROUPBL1
 .text.INT_Excep_ICU_GROUPAL0
                0x00000000ffc0099f        0x9 ./generate/inthandler.o
                0x00000000ffc0099f                INT_Excep_ICU_GROUPAL0
 .text.INT_Excep_ICU_GROUPAL1
                0x00000000ffc009a8        0x9 ./generate/inthandler.o
                0x00000000ffc009a8                INT_Excep_ICU_GROUPAL1
 .text.INT_Excep_SCIFA11_RXIF11
                0x00000000ffc009b1        0x9 ./generate/inthandler.o
                0x00000000ffc009b1                INT_Excep_SCIFA11_RXIF11
 .text.INT_Excep_SCIFA11_TXIF11
                0x00000000ffc009ba        0x9 ./generate/inthandler.o
                0x00000000ffc009ba                INT_Excep_SCIFA11_TXIF11
 .text.INT_Excep_SCI12_RXI12
                0x00000000ffc009c3        0x9 ./generate/inthandler.o
                0x00000000ffc009c3                INT_Excep_SCI12_RXI12
 .text.INT_Excep_SCI12_TXI12
                0x00000000ffc009cc        0x9 ./generate/inthandler.o
                0x00000000ffc009cc                INT_Excep_SCI12_TXI12
 .text.INT_Excep_DMAC_DMAC0I
                0x00000000ffc009d5        0x9 ./generate/inthandler.o
                0x00000000ffc009d5                INT_Excep_DMAC_DMAC0I
 .text.INT_Excep_DMAC_DMAC1I
                0x00000000ffc009de        0x9 ./generate/inthandler.o
                0x00000000ffc009de                INT_Excep_DMAC_DMAC1I
 .text.INT_Excep_DMAC_DMAC2I
                0x00000000ffc009e7        0x9 ./generate/inthandler.o
                0x00000000ffc009e7                INT_Excep_DMAC_DMAC2I
 .text.INT_Excep_DMAC_DMAC3I
                0x00000000ffc009f0        0x9 ./generate/inthandler.o
                0x00000000ffc009f0                INT_Excep_DMAC_DMAC3I
 .text.INT_Excep_DMAC_DMAC74I
                0x00000000ffc009f9        0x9 ./generate/inthandler.o
                0x00000000ffc009f9                INT_Excep_DMAC_DMAC74I
 .text.INT_Excep_OST_OST
                0x00000000ffc00a02        0x9 ./generate/inthandler.o
                0x00000000ffc00a02                INT_Excep_OST_OST
 .text.INT_Excep_EXDMAC_EXDMAC0I
                0x00000000ffc00a0b        0x9 ./generate/inthandler.o
                0x00000000ffc00a0b                INT_Excep_EXDMAC_EXDMAC0I
 .text.INT_Excep_EXDMAC_EXDMAC1I
                0x00000000ffc00a14        0x9 ./generate/inthandler.o
                0x00000000ffc00a14                INT_Excep_EXDMAC_EXDMAC1I
 .text.INT_Excep_PERIB_INTB128
                0x00000000ffc00a1d        0x9 ./generate/inthandler.o
                0x00000000ffc00a1d                INT_Excep_PERIB_INTB128
 .text.INT_Excep_PERIB_INTB129
                0x00000000ffc00a26        0x9 ./generate/inthandler.o
                0x00000000ffc00a26                INT_Excep_PERIB_INTB129
 .text.INT_Excep_PERIB_INTB130
                0x00000000ffc00a2f        0x9 ./generate/inthandler.o
                0x00000000ffc00a2f                INT_Excep_PERIB_INTB130
 .text.INT_Excep_PERIB_INTB131
                0x00000000ffc00a38        0x9 ./generate/inthandler.o
                0x00000000ffc00a38                INT_Excep_PERIB_INTB131
 .text.INT_Excep_PERIB_INTB132
                0x00000000ffc00a41        0x9 ./generate/inthandler.o
                0x00000000ffc00a41                INT_Excep_PERIB_INTB132
 .text.INT_Excep_PERIB_INTB133
                0x00000000ffc00a4a        0x9 ./generate/inthandler.o
                0x00000000ffc00a4a                INT_Excep_PERIB_INTB133
 .text.INT_Excep_PERIB_INTB134
                0x00000000ffc00a53        0x9 ./generate/inthandler.o
                0x00000000ffc00a53                INT_Excep_PERIB_INTB134
 .text.INT_Excep_PERIB_INTB135
                0x00000000ffc00a5c        0x9 ./generate/inthandler.o
                0x00000000ffc00a5c                INT_Excep_PERIB_INTB135
 .text.INT_Excep_PERIB_INTB136
                0x00000000ffc00a65        0x9 ./generate/inthandler.o
                0x00000000ffc00a65                INT_Excep_PERIB_INTB136
 .text.INT_Excep_PERIB_INTB137
                0x00000000ffc00a6e        0x9 ./generate/inthandler.o
                0x00000000ffc00a6e                INT_Excep_PERIB_INTB137
 .text.INT_Excep_PERIB_INTB138
                0x00000000ffc00a77        0x9 ./generate/inthandler.o
                0x00000000ffc00a77                INT_Excep_PERIB_INTB138
 .text.INT_Excep_PERIB_INTB139
                0x00000000ffc00a80        0x9 ./generate/inthandler.o
                0x00000000ffc00a80                INT_Excep_PERIB_INTB139
 .text.INT_Excep_PERIB_INTB140
                0x00000000ffc00a89        0x9 ./generate/inthandler.o
                0x00000000ffc00a89                INT_Excep_PERIB_INTB140
 .text.INT_Excep_PERIB_INTB141
                0x00000000ffc00a92        0x9 ./generate/inthandler.o
                0x00000000ffc00a92                INT_Excep_PERIB_INTB141
 .text.INT_Excep_PERIB_INTB142
                0x00000000ffc00a9b        0x9 ./generate/inthandler.o
                0x00000000ffc00a9b                INT_Excep_PERIB_INTB142
 .text.INT_Excep_PERIB_INTB143
                0x00000000ffc00aa4        0x9 ./generate/inthandler.o
                0x00000000ffc00aa4                INT_Excep_PERIB_INTB143
 .text.INT_Excep_PERIB_INTB144
                0x00000000ffc00aad        0x9 ./generate/inthandler.o
                0x00000000ffc00aad                INT_Excep_PERIB_INTB144
 .text.INT_Excep_PERIB_INTB145
                0x00000000ffc00ab6        0x9 ./generate/inthandler.o
                0x00000000ffc00ab6                INT_Excep_PERIB_INTB145
 .text.INT_Excep_PERIB_INTB146
                0x00000000ffc00abf        0x9 ./generate/inthandler.o
                0x00000000ffc00abf                INT_Excep_PERIB_INTB146
 .text.INT_Excep_PERIB_INTB147
                0x00000000ffc00ac8        0x9 ./generate/inthandler.o
                0x00000000ffc00ac8                INT_Excep_PERIB_INTB147
 .text.INT_Excep_PERIB_INTB148
                0x00000000ffc00ad1        0x9 ./generate/inthandler.o
                0x00000000ffc00ad1                INT_Excep_PERIB_INTB148
 .text.INT_Excep_PERIB_INTB149
                0x00000000ffc00ada        0x9 ./generate/inthandler.o
                0x00000000ffc00ada                INT_Excep_PERIB_INTB149
 .text.INT_Excep_PERIB_INTB150
                0x00000000ffc00ae3        0x9 ./generate/inthandler.o
                0x00000000ffc00ae3                INT_Excep_PERIB_INTB150
 .text.INT_Excep_PERIB_INTB151
                0x00000000ffc00aec        0x9 ./generate/inthandler.o
                0x00000000ffc00aec                INT_Excep_PERIB_INTB151
 .text.INT_Excep_PERIB_INTB152
                0x00000000ffc00af5        0x9 ./generate/inthandler.o
                0x00000000ffc00af5                INT_Excep_PERIB_INTB152
 .text.INT_Excep_PERIB_INTB153
                0x00000000ffc00afe        0x9 ./generate/inthandler.o
                0x00000000ffc00afe                INT_Excep_PERIB_INTB153
 .text.INT_Excep_PERIB_INTB154
                0x00000000ffc00b07        0x9 ./generate/inthandler.o
                0x00000000ffc00b07                INT_Excep_PERIB_INTB154
 .text.INT_Excep_PERIB_INTB155
                0x00000000ffc00b10        0x9 ./generate/inthandler.o
                0x00000000ffc00b10                INT_Excep_PERIB_INTB155
 .text.INT_Excep_PERIB_INTB156
                0x00000000ffc00b19        0x9 ./generate/inthandler.o
                0x00000000ffc00b19                INT_Excep_PERIB_INTB156
 .text.INT_Excep_PERIB_INTB157
                0x00000000ffc00b22        0x9 ./generate/inthandler.o
                0x00000000ffc00b22                INT_Excep_PERIB_INTB157
 .text.INT_Excep_PERIB_INTB158
                0x00000000ffc00b2b        0x9 ./generate/inthandler.o
                0x00000000ffc00b2b                INT_Excep_PERIB_INTB158
 .text.INT_Excep_PERIB_INTB159
                0x00000000ffc00b34        0x9 ./generate/inthandler.o
                0x00000000ffc00b34                INT_Excep_PERIB_INTB159
 .text.INT_Excep_PERIB_INTB160
                0x00000000ffc00b3d        0x9 ./generate/inthandler.o
                0x00000000ffc00b3d                INT_Excep_PERIB_INTB160
 .text.INT_Excep_PERIB_INTB161
                0x00000000ffc00b46        0x9 ./generate/inthandler.o
                0x00000000ffc00b46                INT_Excep_PERIB_INTB161
 .text.INT_Excep_PERIB_INTB162
                0x00000000ffc00b4f        0x9 ./generate/inthandler.o
                0x00000000ffc00b4f                INT_Excep_PERIB_INTB162
 .text.INT_Excep_PERIB_INTB163
                0x00000000ffc00b58        0x9 ./generate/inthandler.o
                0x00000000ffc00b58                INT_Excep_PERIB_INTB163
 .text.INT_Excep_PERIB_INTB164
                0x00000000ffc00b61        0x9 ./generate/inthandler.o
                0x00000000ffc00b61                INT_Excep_PERIB_INTB164
 .text.INT_Excep_PERIB_INTB165
                0x00000000ffc00b6a        0x9 ./generate/inthandler.o
                0x00000000ffc00b6a                INT_Excep_PERIB_INTB165
 .text.INT_Excep_PERIB_INTB166
                0x00000000ffc00b73        0x9 ./generate/inthandler.o
                0x00000000ffc00b73                INT_Excep_PERIB_INTB166
 .text.INT_Excep_PERIB_INTB167
                0x00000000ffc00b7c        0x9 ./generate/inthandler.o
                0x00000000ffc00b7c                INT_Excep_PERIB_INTB167
 .text.INT_Excep_PERIB_INTB168
                0x00000000ffc00b85        0x9 ./generate/inthandler.o
                0x00000000ffc00b85                INT_Excep_PERIB_INTB168
 .text.INT_Excep_PERIB_INTB169
                0x00000000ffc00b8e        0x9 ./generate/inthandler.o
                0x00000000ffc00b8e                INT_Excep_PERIB_INTB169
 .text.INT_Excep_PERIB_INTB170
                0x00000000ffc00b97        0x9 ./generate/inthandler.o
                0x00000000ffc00b97                INT_Excep_PERIB_INTB170
 .text.INT_Excep_PERIB_INTB171
                0x00000000ffc00ba0        0x9 ./generate/inthandler.o
                0x00000000ffc00ba0                INT_Excep_PERIB_INTB171
 .text.INT_Excep_PERIB_INTB172
                0x00000000ffc00ba9        0x9 ./generate/inthandler.o
                0x00000000ffc00ba9                INT_Excep_PERIB_INTB172
 .text.INT_Excep_PERIB_INTB173
                0x00000000ffc00bb2        0x9 ./generate/inthandler.o
                0x00000000ffc00bb2                INT_Excep_PERIB_INTB173
 .text.INT_Excep_PERIB_INTB174
                0x00000000ffc00bbb        0x9 ./generate/inthandler.o
                0x00000000ffc00bbb                INT_Excep_PERIB_INTB174
 .text.INT_Excep_PERIB_INTB175
                0x00000000ffc00bc4        0x9 ./generate/inthandler.o
                0x00000000ffc00bc4                INT_Excep_PERIB_INTB175
 .text.INT_Excep_PERIB_INTB176
                0x00000000ffc00bcd        0x9 ./generate/inthandler.o
                0x00000000ffc00bcd                INT_Excep_PERIB_INTB176
 .text.INT_Excep_PERIB_INTB177
                0x00000000ffc00bd6        0x9 ./generate/inthandler.o
                0x00000000ffc00bd6                INT_Excep_PERIB_INTB177
 .text.INT_Excep_PERIB_INTB178
                0x00000000ffc00bdf        0x9 ./generate/inthandler.o
                0x00000000ffc00bdf                INT_Excep_PERIB_INTB178
 .text.INT_Excep_PERIB_INTB179
                0x00000000ffc00be8        0x9 ./generate/inthandler.o
                0x00000000ffc00be8                INT_Excep_PERIB_INTB179
 .text.INT_Excep_PERIB_INTB180
                0x00000000ffc00bf1        0x9 ./generate/inthandler.o
                0x00000000ffc00bf1                INT_Excep_PERIB_INTB180
 .text.INT_Excep_PERIB_INTB181
                0x00000000ffc00bfa        0x9 ./generate/inthandler.o
                0x00000000ffc00bfa                INT_Excep_PERIB_INTB181
 .text.INT_Excep_PERIB_INTB182
                0x00000000ffc00c03        0x9 ./generate/inthandler.o
                0x00000000ffc00c03                INT_Excep_PERIB_INTB182
 .text.INT_Excep_PERIB_INTB183
                0x00000000ffc00c0c        0x9 ./generate/inthandler.o
                0x00000000ffc00c0c                INT_Excep_PERIB_INTB183
 .text.INT_Excep_PERIB_INTB184
                0x00000000ffc00c15        0x9 ./generate/inthandler.o
                0x00000000ffc00c15                INT_Excep_PERIB_INTB184
 .text.INT_Excep_PERIB_INTB185
                0x00000000ffc00c1e        0x9 ./generate/inthandler.o
                0x00000000ffc00c1e                INT_Excep_PERIB_INTB185
 .text.INT_Excep_PERIB_INTB186
                0x00000000ffc00c27        0x9 ./generate/inthandler.o
                0x00000000ffc00c27                INT_Excep_PERIB_INTB186
 .text.INT_Excep_PERIB_INTB187
                0x00000000ffc00c30        0x9 ./generate/inthandler.o
                0x00000000ffc00c30                INT_Excep_PERIB_INTB187
 .text.INT_Excep_PERIB_INTB188
                0x00000000ffc00c39        0x9 ./generate/inthandler.o
                0x00000000ffc00c39                INT_Excep_PERIB_INTB188
 .text.INT_Excep_PERIB_INTB189
                0x00000000ffc00c42        0x9 ./generate/inthandler.o
                0x00000000ffc00c42                INT_Excep_PERIB_INTB189
 .text.INT_Excep_PERIB_INTB190
                0x00000000ffc00c4b        0x9 ./generate/inthandler.o
                0x00000000ffc00c4b                INT_Excep_PERIB_INTB190
 .text.INT_Excep_PERIB_INTB191
                0x00000000ffc00c54        0x9 ./generate/inthandler.o
                0x00000000ffc00c54                INT_Excep_PERIB_INTB191
 .text.INT_Excep_PERIB_INTB192
                0x00000000ffc00c5d        0x9 ./generate/inthandler.o
                0x00000000ffc00c5d                INT_Excep_PERIB_INTB192
 .text.INT_Excep_PERIB_INTB193
                0x00000000ffc00c66        0x9 ./generate/inthandler.o
                0x00000000ffc00c66                INT_Excep_PERIB_INTB193
 .text.INT_Excep_PERIB_INTB194
                0x00000000ffc00c6f        0x9 ./generate/inthandler.o
                0x00000000ffc00c6f                INT_Excep_PERIB_INTB194
 .text.INT_Excep_PERIB_INTB195
                0x00000000ffc00c78        0x9 ./generate/inthandler.o
                0x00000000ffc00c78                INT_Excep_PERIB_INTB195
 .text.INT_Excep_PERIB_INTB196
                0x00000000ffc00c81        0x9 ./generate/inthandler.o
                0x00000000ffc00c81                INT_Excep_PERIB_INTB196
 .text.INT_Excep_PERIB_INTB197
                0x00000000ffc00c8a        0x9 ./generate/inthandler.o
                0x00000000ffc00c8a                INT_Excep_PERIB_INTB197
 .text.INT_Excep_PERIB_INTB198
                0x00000000ffc00c93        0x9 ./generate/inthandler.o
                0x00000000ffc00c93                INT_Excep_PERIB_INTB198
 .text.INT_Excep_PERIB_INTB199
                0x00000000ffc00c9c        0x9 ./generate/inthandler.o
                0x00000000ffc00c9c                INT_Excep_PERIB_INTB199
 .text.INT_Excep_PERIB_INTB200
                0x00000000ffc00ca5        0x9 ./generate/inthandler.o
                0x00000000ffc00ca5                INT_Excep_PERIB_INTB200
 .text.INT_Excep_PERIB_INTB201
                0x00000000ffc00cae        0x9 ./generate/inthandler.o
                0x00000000ffc00cae                INT_Excep_PERIB_INTB201
 .text.INT_Excep_PERIB_INTB202
                0x00000000ffc00cb7        0x9 ./generate/inthandler.o
                0x00000000ffc00cb7                INT_Excep_PERIB_INTB202
 .text.INT_Excep_PERIB_INTB203
                0x00000000ffc00cc0        0x9 ./generate/inthandler.o
                0x00000000ffc00cc0                INT_Excep_PERIB_INTB203
 .text.INT_Excep_PERIB_INTB204
                0x00000000ffc00cc9        0x9 ./generate/inthandler.o
                0x00000000ffc00cc9                INT_Excep_PERIB_INTB204
 .text.INT_Excep_PERIB_INTB205
                0x00000000ffc00cd2        0x9 ./generate/inthandler.o
                0x00000000ffc00cd2                INT_Excep_PERIB_INTB205
 .text.INT_Excep_PERIB_INTB206
                0x00000000ffc00cdb        0x9 ./generate/inthandler.o
                0x00000000ffc00cdb                INT_Excep_PERIB_INTB206
 .text.INT_Excep_PERIB_INTB207
                0x00000000ffc00ce4        0x9 ./generate/inthandler.o
                0x00000000ffc00ce4                INT_Excep_PERIB_INTB207
 .text.INT_Excep_PERIA_INTA208
                0x00000000ffc00ced        0x9 ./generate/inthandler.o
                0x00000000ffc00ced                INT_Excep_PERIA_INTA208
 .text.INT_Excep_PERIA_INTA209
                0x00000000ffc00cf6        0x9 ./generate/inthandler.o
                0x00000000ffc00cf6                INT_Excep_PERIA_INTA209
 .text.INT_Excep_PERIA_INTA210
                0x00000000ffc00cff        0x9 ./generate/inthandler.o
                0x00000000ffc00cff                INT_Excep_PERIA_INTA210
 .text.INT_Excep_PERIA_INTA211
                0x00000000ffc00d08        0x9 ./generate/inthandler.o
                0x00000000ffc00d08                INT_Excep_PERIA_INTA211
 .text.INT_Excep_PERIA_INTA212
                0x00000000ffc00d11        0x9 ./generate/inthandler.o
                0x00000000ffc00d11                INT_Excep_PERIA_INTA212
 .text.INT_Excep_PERIA_INTA213
                0x00000000ffc00d1a        0x9 ./generate/inthandler.o
                0x00000000ffc00d1a                INT_Excep_PERIA_INTA213
 .text.INT_Excep_PERIA_INTA214
                0x00000000ffc00d23        0x9 ./generate/inthandler.o
                0x00000000ffc00d23                INT_Excep_PERIA_INTA214
 .text.INT_Excep_PERIA_INTA215
                0x00000000ffc00d2c        0x9 ./generate/inthandler.o
                0x00000000ffc00d2c                INT_Excep_PERIA_INTA215
 .text.INT_Excep_PERIA_INTA216
                0x00000000ffc00d35        0x9 ./generate/inthandler.o
                0x00000000ffc00d35                INT_Excep_PERIA_INTA216
 .text.INT_Excep_PERIA_INTA217
                0x00000000ffc00d3e        0x9 ./generate/inthandler.o
                0x00000000ffc00d3e                INT_Excep_PERIA_INTA217
 .text.INT_Excep_PERIA_INTA218
                0x00000000ffc00d47        0x9 ./generate/inthandler.o
                0x00000000ffc00d47                INT_Excep_PERIA_INTA218
 .text.INT_Excep_PERIA_INTA219
                0x00000000ffc00d50        0x9 ./generate/inthandler.o
                0x00000000ffc00d50                INT_Excep_PERIA_INTA219
 .text.INT_Excep_PERIA_INTA220
                0x00000000ffc00d59        0x9 ./generate/inthandler.o
                0x00000000ffc00d59                INT_Excep_PERIA_INTA220
 .text.INT_Excep_PERIA_INTA221
                0x00000000ffc00d62        0x9 ./generate/inthandler.o
                0x00000000ffc00d62                INT_Excep_PERIA_INTA221
 .text.INT_Excep_PERIA_INTA222
                0x00000000ffc00d6b        0x9 ./generate/inthandler.o
                0x00000000ffc00d6b                INT_Excep_PERIA_INTA222
 .text.INT_Excep_PERIA_INTA223
                0x00000000ffc00d74        0x9 ./generate/inthandler.o
                0x00000000ffc00d74                INT_Excep_PERIA_INTA223
 .text.INT_Excep_PERIA_INTA224
                0x00000000ffc00d7d        0x9 ./generate/inthandler.o
                0x00000000ffc00d7d                INT_Excep_PERIA_INTA224
 .text.INT_Excep_PERIA_INTA225
                0x00000000ffc00d86        0x9 ./generate/inthandler.o
                0x00000000ffc00d86                INT_Excep_PERIA_INTA225
 .text.INT_Excep_PERIA_INTA226
                0x00000000ffc00d8f        0x9 ./generate/inthandler.o
                0x00000000ffc00d8f                INT_Excep_PERIA_INTA226
 .text.INT_Excep_PERIA_INTA227
                0x00000000ffc00d98        0x9 ./generate/inthandler.o
                0x00000000ffc00d98                INT_Excep_PERIA_INTA227
 .text.INT_Excep_PERIA_INTA228
                0x00000000ffc00da1        0x9 ./generate/inthandler.o
                0x00000000ffc00da1                INT_Excep_PERIA_INTA228
 .text.INT_Excep_PERIA_INTA229
                0x00000000ffc00daa        0x9 ./generate/inthandler.o
                0x00000000ffc00daa                INT_Excep_PERIA_INTA229
 .text.INT_Excep_PERIA_INTA230
                0x00000000ffc00db3        0x9 ./generate/inthandler.o
                0x00000000ffc00db3                INT_Excep_PERIA_INTA230
 .text.INT_Excep_PERIA_INTA231
                0x00000000ffc00dbc        0x9 ./generate/inthandler.o
                0x00000000ffc00dbc                INT_Excep_PERIA_INTA231
 .text.INT_Excep_PERIA_INTA232
                0x00000000ffc00dc5        0x9 ./generate/inthandler.o
                0x00000000ffc00dc5                INT_Excep_PERIA_INTA232
 .text.INT_Excep_PERIA_INTA233
                0x00000000ffc00dce        0x9 ./generate/inthandler.o
                0x00000000ffc00dce                INT_Excep_PERIA_INTA233
 .text.INT_Excep_PERIA_INTA234
                0x00000000ffc00dd7        0x9 ./generate/inthandler.o
                0x00000000ffc00dd7                INT_Excep_PERIA_INTA234
 .text.INT_Excep_PERIA_INTA235
                0x00000000ffc00de0        0x9 ./generate/inthandler.o
                0x00000000ffc00de0                INT_Excep_PERIA_INTA235
 .text.INT_Excep_PERIA_INTA236
                0x00000000ffc00de9        0x9 ./generate/inthandler.o
                0x00000000ffc00de9                INT_Excep_PERIA_INTA236
 .text.INT_Excep_PERIA_INTA237
                0x00000000ffc00df2        0x9 ./generate/inthandler.o
                0x00000000ffc00df2                INT_Excep_PERIA_INTA237
 .text.INT_Excep_PERIA_INTA238
                0x00000000ffc00dfb        0x9 ./generate/inthandler.o
                0x00000000ffc00dfb                INT_Excep_PERIA_INTA238
 .text.INT_Excep_PERIA_INTA239
                0x00000000ffc00e04        0x9 ./generate/inthandler.o
                0x00000000ffc00e04                INT_Excep_PERIA_INTA239
 .text.INT_Excep_PERIA_INTA240
                0x00000000ffc00e0d        0x9 ./generate/inthandler.o
                0x00000000ffc00e0d                INT_Excep_PERIA_INTA240
 .text.INT_Excep_PERIA_INTA241
                0x00000000ffc00e16        0x9 ./generate/inthandler.o
                0x00000000ffc00e16                INT_Excep_PERIA_INTA241
 .text.INT_Excep_PERIA_INTA242
                0x00000000ffc00e1f        0x9 ./generate/inthandler.o
                0x00000000ffc00e1f                INT_Excep_PERIA_INTA242
 .text.INT_Excep_PERIA_INTA243
                0x00000000ffc00e28        0x9 ./generate/inthandler.o
                0x00000000ffc00e28                INT_Excep_PERIA_INTA243
 .text.INT_Excep_PERIA_INTA244
                0x00000000ffc00e31        0x9 ./generate/inthandler.o
                0x00000000ffc00e31                INT_Excep_PERIA_INTA244
 .text.INT_Excep_PERIA_INTA245
                0x00000000ffc00e3a        0x9 ./generate/inthandler.o
                0x00000000ffc00e3a                INT_Excep_PERIA_INTA245
 .text.INT_Excep_PERIA_INTA246
                0x00000000ffc00e43        0x9 ./generate/inthandler.o
                0x00000000ffc00e43                INT_Excep_PERIA_INTA246
 .text.INT_Excep_PERIA_INTA247
                0x00000000ffc00e4c        0x9 ./generate/inthandler.o
                0x00000000ffc00e4c                INT_Excep_PERIA_INTA247
 .text.INT_Excep_PERIA_INTA248
                0x00000000ffc00e55        0x9 ./generate/inthandler.o
                0x00000000ffc00e55                INT_Excep_PERIA_INTA248
 .text.INT_Excep_PERIA_INTA249
                0x00000000ffc00e5e        0x9 ./generate/inthandler.o
                0x00000000ffc00e5e                INT_Excep_PERIA_INTA249
 .text.INT_Excep_PERIA_INTA250
                0x00000000ffc00e67        0x9 ./generate/inthandler.o
                0x00000000ffc00e67                INT_Excep_PERIA_INTA250
 .text.INT_Excep_PERIA_INTA251
                0x00000000ffc00e70        0x9 ./generate/inthandler.o
                0x00000000ffc00e70                INT_Excep_PERIA_INTA251
 .text.INT_Excep_PERIA_INTA252
                0x00000000ffc00e79        0x9 ./generate/inthandler.o
                0x00000000ffc00e79                INT_Excep_PERIA_INTA252
 .text.INT_Excep_PERIA_INTA253
                0x00000000ffc00e82        0x9 ./generate/inthandler.o
                0x00000000ffc00e82                INT_Excep_PERIA_INTA253
 .text.INT_Excep_PERIA_INTA254
                0x00000000ffc00e8b        0x9 ./generate/inthandler.o
                0x00000000ffc00e8b                INT_Excep_PERIA_INTA254
 .text.INT_Excep_PERIA_INTA255
                0x00000000ffc00e94        0x9 ./generate/inthandler.o
                0x00000000ffc00e94                INT_Excep_PERIA_INTA255
 .text.__call_exitprocs
                0x00000000ffc00e9d       0x85 c:/programdata/gcc for renesas rx 8.3.0.202202-gnurx-elf/rx-elf/rx-elf/bin/../lib/gcc/rx-elf/8.3.0.202202-GNURX/../../../../rx-elf/lib/rxv2\libc.a(lib_a-__call_atexit.o)
                0x00000000ffc00e9d                __call_exitprocs
 *(P)
 P              0x00000000ffc00f22        0x0 ./src/peripheral/CMT.o
 P              0x00000000ffc00f22        0x0 ./src/peripheral/GPIO.o
 P              0x00000000ffc00f22        0x0 ./src/peripheral/SCI7.o
 P              0x00000000ffc00f22        0x0 ./src/main.o
 P              0x00000000ffc00f22        0x0 ./generate/hwinit.o
 P              0x00000000ffc00f22        0x0 ./generate/inthandler.o
 P              0x00000000ffc00f22        0x0 ./generate/start.o
 P              0x00000000ffc00f22        0x0 ./generate/vects.o
 P              0x00000000ffc00f22        0x0 c:/programdata/gcc for renesas rx 8.3.0.202202-gnurx-elf/rx-elf/rx-elf/bin/../lib/gcc/rx-elf/8.3.0.202202-GNURX/../../../../rx-elf/lib/rxv2\libc.a(lib_a-__call_atexit.o)
 P              0x00000000ffc00f22        0x0 c:/programdata/gcc for renesas rx 8.3.0.202202-gnurx-elf/rx-elf/rx-elf/bin/../lib/gcc/rx-elf/8.3.0.202202-GNURX/../../../../rx-elf/lib/rxv2\libc.a(lib_a-impure.o)
                0x00000000ffc00f22                etext = .

.rvectors       0x00000000ffc00f24      0x400
                0x00000000ffc00f24                _rvectors_start = .
 *(.rvectors)
 .rvectors      0x00000000ffc00f24      0x400 ./generate/vects.o
                0x00000000ffc00f24                RelocatableVectors
                0x00000000ffc01324                _rvectors_end = .

.init           0x00000000ffc01324        0x0
 *(.init)
                0x00000000ffc01324                __preinit_array_start = .
 *(.preinit_array)
                0x00000000ffc01324                __preinit_array_end = .
                0x00000000ffc01324                __init_array_start = ((. + 0x3) & 0xfffffffffffffffc)
 *(.init_array)
 *(SORT_BY_NAME(.init_array.*))
                0x00000000ffc01324                __init_array_end = .
                0x00000000ffc01324                __fini_array_start = .
 *(.fini_array)
 *(SORT_BY_NAME(.fini_array.*))
                0x00000000ffc01324                __fini_array_end = .

.fini
 *(.fini)

.got
 *(.got)
 *(.got.plt)

.rodata         0x00000000ffc01324       0x10
 *(.rodata)
 *(.rodata.*)
 .rodata._global_impure_ptr
                0x00000000ffc01324        0x4 c:/programdata/gcc for renesas rx 8.3.0.202202-gnurx-elf/rx-elf/rx-elf/bin/../lib/gcc/rx-elf/8.3.0.202202-GNURX/../../../../rx-elf/lib/rxv2\libc.a(lib_a-impure.o)
                0x00000000ffc01324                _global_impure_ptr
 *(C_1)
 *(C_2)
 *(C)
 C              0x00000000ffc01328        0xc ./src/main.o
                0x00000000ffc01334                _erodata = .

.eh_frame_hdr
 *(.eh_frame_hdr)

.eh_frame
 *(.eh_frame)

.jcr
 *(.jcr)

.tors           0x00000000ffc01334        0x0
                0x00000000ffc01334                __CTOR_LIST__ = .
                0x00000000ffc01334                . = ALIGN (0x2)
                0x00000000ffc01334                ___ctors = .
 *(.ctors)
                0x00000000ffc01334                ___ctors_end = .
                0x00000000ffc01334                __CTOR_END__ = .
                0x00000000ffc01334                __DTOR_LIST__ = .
                0x00000000ffc01334                ___dtors = .
 *(.dtors)
                0x00000000ffc01334                ___dtors_end = .
                0x00000000ffc01334                __DTOR_END__ = .
                0x00000000ffc01334                . = ALIGN (0x2)
                0x00000000ffc01334                _mdata = .

.ustack         0x0000000000000200        0x0
                0x0000000000000200                _ustack = .

.istack         0x0000000000000100        0x0
                0x0000000000000100                _istack = .

.data           0x0000000000000204      0x428 load address 0x00000000ffc01334
                0x0000000000000204                _data = .
 *(.data)
 *(.data.*)
 .data._impure_ptr
                0x0000000000000204        0x4 c:/programdata/gcc for renesas rx 8.3.0.202202-gnurx-elf/rx-elf/rx-elf/bin/../lib/gcc/rx-elf/8.3.0.202202-GNURX/../../../../rx-elf/lib/rxv2\libc.a(lib_a-impure.o)
                0x0000000000000204                _impure_ptr
 .data.impure_data
                0x0000000000000208      0x424 c:/programdata/gcc for renesas rx 8.3.0.202202-gnurx-elf/rx-elf/rx-elf/bin/../lib/gcc/rx-elf/8.3.0.202202-GNURX/../../../../rx-elf/lib/rxv2\libc.a(lib_a-impure.o)
 *(D)
 *(D_1)
 D_1            0x000000000000062c        0x0 ./src/peripheral/CMT.o
 D_1            0x000000000000062c        0x0 ./src/peripheral/GPIO.o
 D_1            0x000000000000062c        0x0 ./src/peripheral/SCI7.o
 D_1            0x000000000000062c        0x0 ./src/main.o
 D_1            0x000000000000062c        0x0 ./generate/hwinit.o
 D_1            0x000000000000062c        0x0 ./generate/inthandler.o
 D_1            0x000000000000062c        0x0 ./generate/start.o
 D_1            0x000000000000062c        0x0 ./generate/vects.o
 D_1            0x000000000000062c        0x0 c:/programdata/gcc for renesas rx 8.3.0.202202-gnurx-elf/rx-elf/rx-elf/bin/../lib/gcc/rx-elf/8.3.0.202202-GNURX/../../../../rx-elf/lib/rxv2\libc.a(lib_a-__call_atexit.o)
 D_1            0x000000000000062c        0x0 c:/programdata/gcc for renesas rx 8.3.0.202202-gnurx-elf/rx-elf/rx-elf/bin/../lib/gcc/rx-elf/8.3.0.202202-GNURX/../../../../rx-elf/lib/rxv2\libc.a(lib_a-impure.o)
 *(D_2)
                0x000000000000062c                _edata = .

.gcc_exc
 *(.gcc_exc)

.bss            0x000000000000062c        0xe load address 0x00000000ffc0175c
                0x000000000000062c                _bss = .
 *(.bss)
 *(.bss.**)
 *(COMMON)
 COMMON         0x000000000000062c        0xe ./src/peripheral/SCI7.o
                0x000000000000062c                sci7_tx_count
                0x000000000000062e                sci7_rx_count
                0x0000000000000630                sci7_rx_address
                0x0000000000000634                sci7_tx_address
                0x0000000000000638                sci7_rx_length
 *(B)
 *(B_1)
 B_1            0x000000000000063a        0x0 ./src/peripheral/CMT.o
 B_1            0x000000000000063a        0x0 ./src/peripheral/GPIO.o
 B_1            0x000000000000063a        0x0 ./src/peripheral/SCI7.o
 B_1            0x000000000000063a        0x0 ./src/main.o
 B_1            0x000000000000063a        0x0 ./generate/hwinit.o
 B_1            0x000000000000063a        0x0 ./generate/inthandler.o
 B_1            0x000000000000063a        0x0 ./generate/start.o
 B_1            0x000000000000063a        0x0 ./generate/vects.o
 B_1            0x000000000000063a        0x0 c:/programdata/gcc for renesas rx 8.3.0.202202-gnurx-elf/rx-elf/rx-elf/bin/../lib/gcc/rx-elf/8.3.0.202202-GNURX/../../../../rx-elf/lib/rxv2\libc.a(lib_a-__call_atexit.o)
 B_1            0x000000000000063a        0x0 c:/programdata/gcc for renesas rx 8.3.0.202202-gnurx-elf/rx-elf/rx-elf/bin/../lib/gcc/rx-elf/8.3.0.202202-GNURX/../../../../rx-elf/lib/rxv2\libc.a(lib_a-impure.o)
 *(B_2)
                0x000000000000063a                _ebss = .
                0x000000000000063a                _end = .

.ofs1           0x0000000000120040        0x4
 *(.ofs1)
 .ofs1          0x0000000000120040        0x4 ./generate/vects.o
                0x0000000000120040                __SPCCreg

.ofs2           0x0000000000120048        0x4
 *(.ofs2)
 .ofs2          0x0000000000120048        0x4 ./generate/vects.o
                0x0000000000120048                __TMEFreg

.ofs3           0x0000000000120050       0x10
 *(.ofs3)
 .ofs3          0x0000000000120050       0x10 ./generate/vects.o
                0x0000000000120050                __OSISreg

.ofs4           0x0000000000120060       0x10
 *(.ofs4)
 .ofs4          0x0000000000120060       0x10 ./generate/vects.o
                0x0000000000120060                __TMINFreg
                0x0000000000120064                __MDEreg
                0x0000000000120068                __OFS0reg
                0x000000000012006c                __OFS1reg
OUTPUT(KAEDE_GCC.elf elf32-rx-le)

.debug_frame    0x0000000000000000     0x1e74
 .debug_frame   0x0000000000000000       0x58 ./src/peripheral/CMT.o
 .debug_frame   0x0000000000000058       0x9c ./src/peripheral/GPIO.o
 .debug_frame   0x00000000000000f4       0xe0 ./src/peripheral/SCI7.o
 .debug_frame   0x00000000000001d4       0x38 ./src/main.o
 .debug_frame   0x000000000000020c       0x34 ./generate/hwinit.o
 .debug_frame   0x0000000000000240     0x1c34 ./generate/inthandler.o

.debug_info     0x0000000000000000    0x16992
 .debug_info    0x0000000000000000     0x2080 ./src/peripheral/CMT.o
 .debug_info    0x0000000000002080      0xbc2 ./src/peripheral/GPIO.o
 .debug_info    0x0000000000002c42     0x6691 ./src/peripheral/SCI7.o
 .debug_info    0x00000000000092d3     0xc45b ./src/main.o
 .debug_info    0x000000000001572e       0x5b ./generate/hwinit.o
 .debug_info    0x0000000000015789     0x1096 ./generate/inthandler.o
 .debug_info    0x000000000001681f       0x26 ./generate/start.o
 .debug_info    0x0000000000016845      0x14d ./generate/vects.o

.debug_abbrev   0x0000000000000000      0x6f0
 .debug_abbrev  0x0000000000000000      0x167 ./src/peripheral/CMT.o
 .debug_abbrev  0x0000000000000167      0x129 ./src/peripheral/GPIO.o
 .debug_abbrev  0x0000000000000290      0x1b9 ./src/peripheral/SCI7.o
 .debug_abbrev  0x0000000000000449      0x194 ./src/main.o
 .debug_abbrev  0x00000000000005dd       0x39 ./generate/hwinit.o
 .debug_abbrev  0x0000000000000616       0x48 ./generate/inthandler.o
 .debug_abbrev  0x000000000000065e       0x14 ./generate/start.o
 .debug_abbrev  0x0000000000000672       0x7e ./generate/vects.o

.debug_aranges  0x0000000000000000      0x838
 .debug_aranges
                0x0000000000000000       0x28 ./src/peripheral/CMT.o
 .debug_aranges
                0x0000000000000028       0x38 ./src/peripheral/GPIO.o
 .debug_aranges
                0x0000000000000060       0x40 ./src/peripheral/SCI7.o
 .debug_aranges
                0x00000000000000a0       0x20 ./src/main.o
 .debug_aranges
                0x00000000000000c0       0x20 ./generate/hwinit.o
 .debug_aranges
                0x00000000000000e0      0x720 ./generate/inthandler.o
 .debug_aranges
                0x0000000000000800       0x20 ./generate/start.o
 .debug_aranges
                0x0000000000000820       0x18 ./generate/vects.o

.debug_ranges   0x0000000000000000      0x7a0
 .debug_ranges  0x0000000000000000       0x18 ./src/peripheral/CMT.o
 .debug_ranges  0x0000000000000018       0x28 ./src/peripheral/GPIO.o
 .debug_ranges  0x0000000000000040       0x30 ./src/peripheral/SCI7.o
 .debug_ranges  0x0000000000000070       0x10 ./src/main.o
 .debug_ranges  0x0000000000000080       0x10 ./generate/hwinit.o
 .debug_ranges  0x0000000000000090      0x710 ./generate/inthandler.o

.debug_line     0x0000000000000000     0x1a27
 .debug_line    0x0000000000000000      0x124 ./src/peripheral/CMT.o
 .debug_line    0x0000000000000124      0x189 ./src/peripheral/GPIO.o
 .debug_line    0x00000000000002ad      0x181 ./src/peripheral/SCI7.o
 .debug_line    0x000000000000042e      0x26b ./src/main.o
 .debug_line    0x0000000000000699       0x49 ./generate/hwinit.o
 .debug_line    0x00000000000006e2     0x12a3 ./generate/inthandler.o
 .debug_line    0x0000000000001985       0x6e ./generate/start.o
 .debug_line    0x00000000000019f3       0x34 ./generate/vects.o

.debug_str      0x0000000000000000     0x5a07
 .debug_str     0x0000000000000000      0x997 ./src/peripheral/CMT.o
                                        0x9dc (size before relaxing)
 .debug_str     0x0000000000000997       0x83 ./src/peripheral/GPIO.o
                                        0x1a5 (size before relaxing)
 .debug_str     0x0000000000000a1a     0x1a35 ./src/peripheral/SCI7.o
                                       0x1be5 (size before relaxing)
 .debug_str     0x000000000000244f     0x20dd ./src/main.o
                                       0x441b (size before relaxing)
 .debug_str     0x000000000000452c       0x23 ./generate/hwinit.o
                                        0x140 (size before relaxing)
 .debug_str     0x000000000000454f     0x140b ./generate/inthandler.o
                                       0x14e3 (size before relaxing)
 .debug_str     0x000000000000595a       0x22 ./generate/start.o
                                         0x61 (size before relaxing)
 .debug_str     0x000000000000597c       0x8b ./generate/vects.o
                                        0x175 (size before relaxing)

.comment        0x0000000000000000       0x6c
 .comment       0x0000000000000000       0x36 ./src/peripheral/CMT.o
                                         0x37 (size before relaxing)
 .comment       0x0000000000000036       0x37 ./src/peripheral/GPIO.o
 .comment       0x0000000000000036       0x37 ./src/peripheral/SCI7.o
 .comment       0x0000000000000036       0x37 ./src/main.o
 .comment       0x0000000000000036       0x37 ./generate/hwinit.o
 .comment       0x0000000000000036       0x37 ./generate/inthandler.o
 .comment       0x0000000000000036       0x37 ./generate/vects.o
 .comment       0x0000000000000036       0x36 c:/programdata/gcc for renesas rx 8.3.0.202202-gnurx-elf/rx-elf/rx-elf/bin/../lib/gcc/rx-elf/8.3.0.202202-GNURX/../../../../rx-elf/lib/rxv2\libc.a(lib_a-__call_atexit.o)
                                         0x37 (size before relaxing)
 .comment       0x000000000000006c       0x37 c:/programdata/gcc for renesas rx 8.3.0.202202-gnurx-elf/rx-elf/rx-elf/bin/../lib/gcc/rx-elf/8.3.0.202202-GNURX/../../../../rx-elf/lib/rxv2\libc.a(lib_a-impure.o)
